0 verbose cli /opt/homebrew/Cellar/node/23.11.0/bin/node /opt/homebrew/bin/npm
1 info using npm@10.9.2
2 info using node@v23.11.0
3 silly config load:file:/opt/homebrew/lib/node_modules/npm/npmrc
4 silly config load:file:/Users/sanjithudupa/Documents/Code/MIT/zbt/midnights/midnights_web/.npmrc
5 silly config load:file:/Users/sanjithudupa/.npmrc
6 silly config load:file:/opt/homebrew/etc/npmrc
7 verbose title npm install googleapis
8 verbose argv "install" "googleapis"
9 verbose logfile logs-max:10 dir:/Users/sanjithudupa/Documents/Code/MIT/zbt/midnights/midnights_web/.npm-cache/_logs/2026-02-01T23_15_32_015Z-
10 verbose logfile /Users/sanjithudupa/Documents/Code/MIT/zbt/midnights/midnights_web/.npm-cache/_logs/2026-02-01T23_15_32_015Z-debug-0.log
11 silly logfile done cleaning log files
12 silly packumentCache heap:4345298944 maxSize:1086324736 maxEntrySize:543162368
13 silly idealTree buildDeps
14 silly fetch manifest googleapis@*
15 silly packumentCache full:https://registry.npmjs.org/googleapis cache-miss
16 http fetch GET 200 https://registry.npmjs.org/googleapis 71ms (cache miss)
17 silly packumentCache full:https://registry.npmjs.org/googleapis set size:undefined disposed:false
18 silly placeDep ROOT googleapis@171.0.0 OK for: midnights_web@0.1.0 want: *
19 silly fetch manifest google-auth-library@^10.2.0
20 silly packumentCache full:https://registry.npmjs.org/google-auth-library cache-miss
21 silly fetch manifest googleapis-common@^8.0.0
22 silly packumentCache full:https://registry.npmjs.org/googleapis-common cache-miss
23 http fetch GET 200 https://registry.npmjs.org/npm 110ms
24 http fetch GET 200 https://registry.npmjs.org/google-auth-library 47ms (cache miss)
25 silly packumentCache full:https://registry.npmjs.org/google-auth-library set size:undefined disposed:false
26 http fetch GET 200 https://registry.npmjs.org/googleapis-common 149ms (cache miss)
27 silly packumentCache full:https://registry.npmjs.org/googleapis-common set size:undefined disposed:false
28 silly placeDep ROOT google-auth-library@10.5.0 OK for: googleapis@171.0.0 want: ^10.2.0
29 silly placeDep ROOT googleapis-common@8.0.1 OK for: googleapis@171.0.0 want: ^8.0.0
30 silly fetch manifest base64-js@^1.3.0
31 silly packumentCache full:https://registry.npmjs.org/base64-js cache-miss
32 silly fetch manifest ecdsa-sig-formatter@^1.0.11
33 silly packumentCache full:https://registry.npmjs.org/ecdsa-sig-formatter cache-miss
34 silly fetch manifest gaxios@^7.0.0
35 silly packumentCache full:https://registry.npmjs.org/gaxios cache-miss
36 silly fetch manifest gcp-metadata@^8.0.0
37 silly packumentCache full:https://registry.npmjs.org/gcp-metadata cache-miss
38 silly fetch manifest google-logging-utils@^1.0.0
39 silly packumentCache full:https://registry.npmjs.org/google-logging-utils cache-miss
40 silly fetch manifest gtoken@^8.0.0
41 silly packumentCache full:https://registry.npmjs.org/gtoken cache-miss
42 silly fetch manifest jws@^4.0.0
43 silly packumentCache full:https://registry.npmjs.org/jws cache-miss
44 silly fetch manifest extend@^3.0.2
45 silly packumentCache full:https://registry.npmjs.org/extend cache-miss
46 silly fetch manifest gaxios@^7.0.0-rc.4
47 silly packumentCache full:https://registry.npmjs.org/gaxios cache-miss
48 silly fetch manifest qs@^6.7.0
49 silly packumentCache full:https://registry.npmjs.org/qs cache-miss
50 silly fetch manifest url-template@^2.0.8
51 silly packumentCache full:https://registry.npmjs.org/url-template cache-miss
52 http fetch GET 200 https://registry.npmjs.org/base64-js 29ms (cache miss)
53 silly packumentCache full:https://registry.npmjs.org/base64-js set size:undefined disposed:false
54 http fetch GET 200 https://registry.npmjs.org/ecdsa-sig-formatter 33ms (cache miss)
55 silly packumentCache full:https://registry.npmjs.org/ecdsa-sig-formatter set size:undefined disposed:false
56 http fetch GET 200 https://registry.npmjs.org/gaxios 55ms (cache miss)
57 silly packumentCache full:https://registry.npmjs.org/gaxios set size:undefined disposed:false
58 http fetch GET 200 https://registry.npmjs.org/gcp-metadata 73ms (cache miss)
59 silly packumentCache full:https://registry.npmjs.org/gcp-metadata set size:undefined disposed:false
60 http fetch GET 200 https://registry.npmjs.org/google-logging-utils 74ms (cache miss)
61 silly packumentCache full:https://registry.npmjs.org/google-logging-utils set size:undefined disposed:false
62 http fetch GET 200 https://registry.npmjs.org/jws 74ms (cache miss)
63 silly packumentCache full:https://registry.npmjs.org/jws set size:undefined disposed:false
64 http fetch GET 200 https://registry.npmjs.org/gtoken 76ms (cache miss)
65 silly packumentCache full:https://registry.npmjs.org/gtoken set size:undefined disposed:false
66 http fetch GET 200 https://registry.npmjs.org/extend 77ms (cache miss)
67 silly packumentCache full:https://registry.npmjs.org/extend set size:undefined disposed:false
68 http fetch GET 200 https://registry.npmjs.org/gaxios 78ms (cache miss)
69 silly packumentCache full:https://registry.npmjs.org/gaxios set size:undefined disposed:false
70 http fetch GET 200 https://registry.npmjs.org/qs 80ms (cache miss)
71 silly packumentCache full:https://registry.npmjs.org/qs set size:undefined disposed:false
72 http fetch GET 200 https://registry.npmjs.org/url-template 153ms (cache miss)
73 silly packumentCache full:https://registry.npmjs.org/url-template set size:undefined disposed:false
74 silly placeDep ROOT base64-js@1.5.1 OK for: google-auth-library@10.5.0 want: ^1.3.0
75 silly placeDep ROOT ecdsa-sig-formatter@1.0.11 OK for: google-auth-library@10.5.0 want: ^1.0.11
76 silly placeDep ROOT gaxios@7.1.3 OK for: google-auth-library@10.5.0 want: ^7.0.0
77 silly placeDep ROOT gcp-metadata@8.1.2 OK for: google-auth-library@10.5.0 want: ^8.0.0
78 silly placeDep ROOT google-logging-utils@1.1.3 OK for: google-auth-library@10.5.0 want: ^1.0.0
79 silly placeDep ROOT gtoken@8.0.0 OK for: google-auth-library@10.5.0 want: ^8.0.0
80 silly placeDep ROOT jws@4.0.1 OK for: google-auth-library@10.5.0 want: ^4.0.0
81 silly fetch manifest safe-buffer@^5.0.1
82 silly packumentCache full:https://registry.npmjs.org/safe-buffer cache-miss
83 silly fetch manifest https-proxy-agent@^7.0.1
84 silly packumentCache full:https://registry.npmjs.org/https-proxy-agent cache-miss
85 silly fetch manifest node-fetch@^3.3.2
86 silly packumentCache full:https://registry.npmjs.org/node-fetch cache-miss
87 silly fetch manifest rimraf@^5.0.1
88 silly packumentCache full:https://registry.npmjs.org/rimraf cache-miss
89 silly fetch manifest json-bigint@^1.0.0
90 silly packumentCache full:https://registry.npmjs.org/json-bigint cache-miss
91 silly fetch manifest jwa@^2.0.1
92 silly packumentCache full:https://registry.npmjs.org/jwa cache-miss
93 silly fetch manifest safe-buffer@^5.0.1
94 silly packumentCache full:https://registry.npmjs.org/safe-buffer cache-miss
95 http fetch GET 200 https://registry.npmjs.org/json-bigint 31ms (cache miss)
96 silly packumentCache full:https://registry.npmjs.org/json-bigint set size:undefined disposed:false
97 http fetch GET 200 https://registry.npmjs.org/safe-buffer 31ms (cache miss)
98 silly packumentCache full:https://registry.npmjs.org/safe-buffer set size:undefined disposed:false
99 http fetch GET 200 https://registry.npmjs.org/safe-buffer 34ms (cache miss)
100 silly packumentCache full:https://registry.npmjs.org/safe-buffer set size:undefined disposed:false
101 http fetch GET 200 https://registry.npmjs.org/https-proxy-agent 34ms (cache miss)
102 silly packumentCache full:https://registry.npmjs.org/https-proxy-agent set size:undefined disposed:false
103 http fetch GET 200 https://registry.npmjs.org/jwa 35ms (cache miss)
104 silly packumentCache full:https://registry.npmjs.org/jwa set size:undefined disposed:false
105 http fetch GET 200 https://registry.npmjs.org/node-fetch 38ms (cache miss)
106 silly packumentCache full:https://registry.npmjs.org/node-fetch set size:undefined disposed:false
107 http fetch GET 200 https://registry.npmjs.org/rimraf 42ms (cache miss)
108 silly packumentCache full:https://registry.npmjs.org/rimraf set size:undefined disposed:false
109 silly placeDep ROOT safe-buffer@5.2.1 OK for: ecdsa-sig-formatter@1.0.11 want: ^5.0.1
110 silly placeDep ROOT extend@3.0.2 OK for: gaxios@7.1.3 want: ^3.0.2
111 silly placeDep ROOT https-proxy-agent@7.0.6 OK for: gaxios@7.1.3 want: ^7.0.1
112 silly placeDep ROOT node-fetch@3.3.2 OK for: gaxios@7.1.3 want: ^3.3.2
113 silly placeDep ROOT rimraf@5.0.10 OK for: gaxios@7.1.3 want: ^5.0.1
114 silly fetch manifest debug@4
115 silly packumentCache full:https://registry.npmjs.org/debug cache-miss
116 silly fetch manifest agent-base@^7.1.2
117 silly packumentCache full:https://registry.npmjs.org/agent-base cache-miss
118 silly fetch manifest data-uri-to-buffer@^4.0.0
119 silly packumentCache full:https://registry.npmjs.org/data-uri-to-buffer cache-miss
120 silly fetch manifest fetch-blob@^3.1.4
121 silly packumentCache full:https://registry.npmjs.org/fetch-blob cache-miss
122 silly fetch manifest formdata-polyfill@^4.0.10
123 silly packumentCache full:https://registry.npmjs.org/formdata-polyfill cache-miss
124 silly fetch manifest glob@^10.3.7
125 silly packumentCache full:https://registry.npmjs.org/glob cache-miss
126 http fetch GET 200 https://registry.npmjs.org/debug 23ms (cache miss)
127 silly packumentCache full:https://registry.npmjs.org/debug set size:undefined disposed:false
128 http fetch GET 200 https://registry.npmjs.org/fetch-blob 28ms (cache miss)
129 silly packumentCache full:https://registry.npmjs.org/fetch-blob set size:undefined disposed:false
130 http fetch GET 200 https://registry.npmjs.org/formdata-polyfill 29ms (cache miss)
131 silly packumentCache full:https://registry.npmjs.org/formdata-polyfill set size:undefined disposed:false
132 http fetch GET 200 https://registry.npmjs.org/glob 31ms (cache miss)
133 silly packumentCache full:https://registry.npmjs.org/glob set size:undefined disposed:false
134 http fetch GET 200 https://registry.npmjs.org/data-uri-to-buffer 36ms (cache miss)
135 silly packumentCache full:https://registry.npmjs.org/data-uri-to-buffer set size:undefined disposed:false
136 http fetch GET 200 https://registry.npmjs.org/agent-base 37ms (cache miss)
137 silly packumentCache full:https://registry.npmjs.org/agent-base set size:undefined disposed:false
138 silly placeDep ROOT json-bigint@1.0.0 OK for: gcp-metadata@8.1.2 want: ^1.0.0
139 silly fetch manifest bignumber.js@^9.0.0
140 silly packumentCache full:https://registry.npmjs.org/bignumber.js cache-miss
141 http fetch GET 200 https://registry.npmjs.org/bignumber.js 23ms (cache miss)
142 silly packumentCache full:https://registry.npmjs.org/bignumber.js set size:undefined disposed:false
143 silly placeDep ROOT qs@6.14.1 OK for: googleapis-common@8.0.1 want: ^6.7.0
144 silly placeDep ROOT url-template@2.0.8 OK for: googleapis-common@8.0.1 want: ^2.0.8
145 silly fetch manifest side-channel@^1.1.0
146 silly packumentCache full:https://registry.npmjs.org/side-channel cache-miss
147 http fetch GET 200 https://registry.npmjs.org/side-channel 27ms (cache miss)
148 silly packumentCache full:https://registry.npmjs.org/side-channel set size:undefined disposed:false
149 silly placeDep ROOT agent-base@7.1.4 OK for: https-proxy-agent@7.0.6 want: ^7.1.2
150 silly placeDep ROOT debug@4.4.3 OK for: https-proxy-agent@7.0.6 want: 4
151 silly fetch manifest ms@^2.1.3
152 silly packumentCache full:https://registry.npmjs.org/ms cache-miss
153 http fetch GET 200 https://registry.npmjs.org/ms 30ms (cache miss)
154 silly packumentCache full:https://registry.npmjs.org/ms set size:undefined disposed:false
155 silly placeDep ROOT ms@2.1.3 OK for: debug@4.4.3 want: ^2.1.3
156 silly placeDep ROOT bignumber.js@9.3.1 OK for: json-bigint@1.0.0 want: ^9.0.0
157 silly placeDep ROOT jwa@2.0.1 OK for: jws@4.0.1 want: ^2.0.1
158 silly fetch manifest buffer-equal-constant-time@^1.0.1
159 silly packumentCache full:https://registry.npmjs.org/buffer-equal-constant-time cache-miss
160 http fetch GET 200 https://registry.npmjs.org/buffer-equal-constant-time 23ms (cache miss)
161 silly packumentCache full:https://registry.npmjs.org/buffer-equal-constant-time set size:undefined disposed:false
162 silly placeDep ROOT buffer-equal-constant-time@1.0.1 OK for: jwa@2.0.1 want: ^1.0.1
163 silly placeDep ROOT data-uri-to-buffer@4.0.1 OK for: node-fetch@3.3.2 want: ^4.0.0
164 silly placeDep ROOT fetch-blob@3.2.0 OK for: node-fetch@3.3.2 want: ^3.1.4
165 silly placeDep ROOT formdata-polyfill@4.0.10 OK for: node-fetch@3.3.2 want: ^4.0.10
166 silly fetch manifest node-domexception@^1.0.0
167 silly packumentCache full:https://registry.npmjs.org/node-domexception cache-miss
168 silly fetch manifest web-streams-polyfill@^3.0.3
169 silly packumentCache full:https://registry.npmjs.org/web-streams-polyfill cache-miss
170 http fetch GET 200 https://registry.npmjs.org/node-domexception 26ms (cache miss)
171 silly packumentCache full:https://registry.npmjs.org/node-domexception set size:undefined disposed:false
172 http fetch GET 200 https://registry.npmjs.org/web-streams-polyfill 28ms (cache miss)
173 silly packumentCache full:https://registry.npmjs.org/web-streams-polyfill set size:undefined disposed:false
174 silly placeDep ROOT node-domexception@1.0.0 OK for: fetch-blob@3.2.0 want: ^1.0.0
175 silly placeDep ROOT web-streams-polyfill@3.3.3 OK for: fetch-blob@3.2.0 want: ^3.0.3
176 silly placeDep ROOT side-channel@1.1.0 OK for: qs@6.14.1 want: ^1.1.0
177 silly fetch manifest es-errors@^1.3.0
178 silly packumentCache full:https://registry.npmjs.org/es-errors cache-miss
179 silly fetch manifest object-inspect@^1.13.3
180 silly packumentCache full:https://registry.npmjs.org/object-inspect cache-miss
181 silly fetch manifest side-channel-list@^1.0.0
182 silly packumentCache full:https://registry.npmjs.org/side-channel-list cache-miss
183 silly fetch manifest side-channel-map@^1.0.1
184 silly packumentCache full:https://registry.npmjs.org/side-channel-map cache-miss
185 silly fetch manifest side-channel-weakmap@^1.0.2
186 silly packumentCache full:https://registry.npmjs.org/side-channel-weakmap cache-miss
187 http fetch GET 200 https://registry.npmjs.org/es-errors 33ms (cache miss)
188 silly packumentCache full:https://registry.npmjs.org/es-errors set size:undefined disposed:false
189 http fetch GET 200 https://registry.npmjs.org/side-channel-list 35ms (cache miss)
190 silly packumentCache full:https://registry.npmjs.org/side-channel-list set size:undefined disposed:false
191 http fetch GET 200 https://registry.npmjs.org/side-channel-weakmap 37ms (cache miss)
192 silly packumentCache full:https://registry.npmjs.org/side-channel-weakmap set size:undefined disposed:false
193 http fetch GET 200 https://registry.npmjs.org/side-channel-map 39ms (cache miss)
194 silly packumentCache full:https://registry.npmjs.org/side-channel-map set size:undefined disposed:false
195 http fetch GET 200 https://registry.npmjs.org/object-inspect 40ms (cache miss)
196 silly packumentCache full:https://registry.npmjs.org/object-inspect set size:undefined disposed:false
197 silly placeDep ROOT glob@10.5.0 OK for: rimraf@5.0.10 want: ^10.3.7
198 silly fetch manifest minipass@^7.1.2
199 silly packumentCache full:https://registry.npmjs.org/minipass cache-miss
200 silly fetch manifest jackspeak@^3.1.2
201 silly packumentCache full:https://registry.npmjs.org/jackspeak cache-miss
202 silly fetch manifest minimatch@^9.0.4
203 silly packumentCache full:https://registry.npmjs.org/minimatch cache-miss
204 silly fetch manifest path-scurry@^1.11.1
205 silly packumentCache full:https://registry.npmjs.org/path-scurry cache-miss
206 silly fetch manifest foreground-child@^3.1.0
207 silly packumentCache full:https://registry.npmjs.org/foreground-child cache-miss
208 silly fetch manifest package-json-from-dist@^1.0.0
209 silly packumentCache full:https://registry.npmjs.org/package-json-from-dist cache-miss
210 http fetch GET 200 https://registry.npmjs.org/foreground-child 30ms (cache miss)
211 silly packumentCache full:https://registry.npmjs.org/foreground-child set size:undefined disposed:false
212 http fetch GET 200 https://registry.npmjs.org/package-json-from-dist 31ms (cache miss)
213 silly packumentCache full:https://registry.npmjs.org/package-json-from-dist set size:undefined disposed:false
214 http fetch GET 200 https://registry.npmjs.org/minipass 41ms (cache miss)
215 silly packumentCache full:https://registry.npmjs.org/minipass set size:undefined disposed:false
216 http fetch GET 200 https://registry.npmjs.org/path-scurry 41ms (cache miss)
217 silly packumentCache full:https://registry.npmjs.org/path-scurry set size:undefined disposed:false
218 http fetch GET 200 https://registry.npmjs.org/jackspeak 44ms (cache miss)
219 silly packumentCache full:https://registry.npmjs.org/jackspeak set size:undefined disposed:false
220 http fetch GET 200 https://registry.npmjs.org/minimatch 47ms (cache miss)
221 silly packumentCache full:https://registry.npmjs.org/minimatch set size:undefined disposed:false
222 silly placeDep ROOT foreground-child@3.3.1 OK for: glob@10.5.0 want: ^3.1.0
223 silly placeDep ROOT jackspeak@3.4.3 OK for: glob@10.5.0 want: ^3.1.2
224 silly placeDep ROOT minimatch@9.0.5 OK for: glob@10.5.0 want: ^9.0.4
225 silly placeDep ROOT minipass@7.1.2 OK for: glob@10.5.0 want: ^7.1.2
226 silly placeDep ROOT package-json-from-dist@1.0.1 OK for: glob@10.5.0 want: ^1.0.0
227 silly placeDep ROOT path-scurry@1.11.1 OK for: glob@10.5.0 want: ^1.11.1
228 silly fetch manifest cross-spawn@^7.0.6
229 silly packumentCache full:https://registry.npmjs.org/cross-spawn cache-miss
230 silly fetch manifest signal-exit@^4.0.1
231 silly packumentCache full:https://registry.npmjs.org/signal-exit cache-miss
232 silly fetch manifest @isaacs/cliui@^8.0.2
233 silly packumentCache full:https://registry.npmjs.org/@isaacs%2fcliui cache-miss
234 silly fetch manifest @pkgjs/parseargs@^0.11.0
235 silly packumentCache full:https://registry.npmjs.org/@pkgjs%2fparseargs cache-miss
236 silly fetch manifest brace-expansion@^2.0.1
237 silly packumentCache full:https://registry.npmjs.org/brace-expansion cache-miss
238 silly fetch manifest lru-cache@^10.2.0
239 silly packumentCache full:https://registry.npmjs.org/lru-cache cache-miss
240 http fetch GET 200 https://registry.npmjs.org/brace-expansion 30ms (cache miss)
241 silly packumentCache full:https://registry.npmjs.org/brace-expansion set size:undefined disposed:false
242 http fetch GET 200 https://registry.npmjs.org/signal-exit 33ms (cache miss)
243 silly packumentCache full:https://registry.npmjs.org/signal-exit set size:undefined disposed:false
244 http fetch GET 200 https://registry.npmjs.org/cross-spawn 33ms (cache miss)
245 silly packumentCache full:https://registry.npmjs.org/cross-spawn set size:undefined disposed:false
246 http fetch GET 200 https://registry.npmjs.org/lru-cache 38ms (cache miss)
247 silly packumentCache full:https://registry.npmjs.org/lru-cache set size:undefined disposed:false
248 http fetch GET 200 https://registry.npmjs.org/@isaacs%2fcliui 44ms (cache miss)
249 silly packumentCache full:https://registry.npmjs.org/@isaacs%2fcliui set size:undefined disposed:false
250 http fetch GET 200 https://registry.npmjs.org/@pkgjs%2fparseargs 186ms (cache miss)
251 silly packumentCache full:https://registry.npmjs.org/@pkgjs%2fparseargs set size:undefined disposed:false
252 silly placeDep ROOT cross-spawn@7.0.6 OK for: foreground-child@3.3.1 want: ^7.0.6
253 silly placeDep ROOT signal-exit@4.1.0 OK for: foreground-child@3.3.1 want: ^4.0.1
254 silly fetch manifest which@^2.0.1
255 silly packumentCache full:https://registry.npmjs.org/which cache-miss
256 silly fetch manifest path-key@^3.1.0
257 silly packumentCache full:https://registry.npmjs.org/path-key cache-miss
258 silly fetch manifest shebang-command@^2.0.0
259 silly packumentCache full:https://registry.npmjs.org/shebang-command cache-miss
260 http fetch GET 200 https://registry.npmjs.org/shebang-command 28ms (cache miss)
261 silly packumentCache full:https://registry.npmjs.org/shebang-command set size:undefined disposed:false
262 http fetch GET 200 https://registry.npmjs.org/which 30ms (cache miss)
263 silly packumentCache full:https://registry.npmjs.org/which set size:undefined disposed:false
264 http fetch GET 200 https://registry.npmjs.org/path-key 128ms (cache miss)
265 silly packumentCache full:https://registry.npmjs.org/path-key set size:undefined disposed:false
266 silly placeDep ROOT path-key@3.1.1 OK for: cross-spawn@7.0.6 want: ^3.1.0
267 silly placeDep ROOT shebang-command@2.0.0 OK for: cross-spawn@7.0.6 want: ^2.0.0
268 silly placeDep ROOT which@2.0.2 OK for: cross-spawn@7.0.6 want: ^2.0.1
269 silly fetch manifest shebang-regex@^3.0.0
270 silly packumentCache full:https://registry.npmjs.org/shebang-regex cache-miss
271 silly fetch manifest isexe@^2.0.0
272 silly packumentCache full:https://registry.npmjs.org/isexe cache-miss
273 http fetch GET 200 https://registry.npmjs.org/shebang-regex 29ms (cache miss)
274 silly packumentCache full:https://registry.npmjs.org/shebang-regex set size:undefined disposed:false
275 http fetch GET 200 https://registry.npmjs.org/isexe 29ms (cache miss)
276 silly packumentCache full:https://registry.npmjs.org/isexe set size:undefined disposed:false
277 silly placeDep ROOT @isaacs/cliui@8.0.2 OK for: jackspeak@3.4.3 want: ^8.0.2
278 silly placeDep ROOT @pkgjs/parseargs@0.11.0 OK for: jackspeak@3.4.3 want: ^0.11.0
279 silly fetch manifest string-width@^5.1.2
280 silly packumentCache full:https://registry.npmjs.org/string-width cache-miss
281 silly fetch manifest string-width-cjs@npm:string-width@^4.2.0
282 silly packumentCache full:https://registry.npmjs.org/string-width cache-miss
283 silly fetch manifest strip-ansi@^7.0.1
284 silly packumentCache full:https://registry.npmjs.org/strip-ansi cache-miss
285 silly fetch manifest strip-ansi-cjs@npm:strip-ansi@^6.0.1
286 silly packumentCache full:https://registry.npmjs.org/strip-ansi cache-miss
287 silly fetch manifest wrap-ansi@^8.1.0
288 silly packumentCache full:https://registry.npmjs.org/wrap-ansi cache-miss
289 silly fetch manifest wrap-ansi-cjs@npm:wrap-ansi@^7.0.0
290 silly packumentCache full:https://registry.npmjs.org/wrap-ansi cache-miss
291 http fetch GET 200 https://registry.npmjs.org/string-width 34ms (cache miss)
292 silly packumentCache full:https://registry.npmjs.org/string-width set size:undefined disposed:false
293 http fetch GET 200 https://registry.npmjs.org/string-width 35ms (cache miss)
294 silly packumentCache full:https://registry.npmjs.org/string-width set size:undefined disposed:false
295 http fetch GET 200 https://registry.npmjs.org/strip-ansi 35ms (cache miss)
296 silly packumentCache full:https://registry.npmjs.org/strip-ansi set size:undefined disposed:false
297 http fetch GET 200 https://registry.npmjs.org/strip-ansi 37ms (cache miss)
298 silly packumentCache full:https://registry.npmjs.org/strip-ansi set size:undefined disposed:false
299 http fetch GET 200 https://registry.npmjs.org/wrap-ansi 37ms (cache miss)
300 silly packumentCache full:https://registry.npmjs.org/wrap-ansi set size:undefined disposed:false
301 http fetch GET 200 https://registry.npmjs.org/wrap-ansi 38ms (cache miss)
302 silly packumentCache full:https://registry.npmjs.org/wrap-ansi set size:undefined disposed:false
303 silly placeDep ROOT string-width@5.1.2 OK for: @isaacs/cliui@8.0.2 want: ^5.1.2
304 silly placeDep ROOT string-width-cjs@4.2.3 OK for: @isaacs/cliui@8.0.2 want: npm:string-width@^4.2.0
305 silly placeDep ROOT strip-ansi@7.1.2 OK for: @isaacs/cliui@8.0.2 want: ^7.0.1
306 silly placeDep ROOT strip-ansi-cjs@6.0.1 OK for: @isaacs/cliui@8.0.2 want: npm:strip-ansi@^6.0.1
307 silly placeDep ROOT wrap-ansi@8.1.0 OK for: @isaacs/cliui@8.0.2 want: ^8.1.0
308 silly placeDep ROOT wrap-ansi-cjs@7.0.0 OK for: @isaacs/cliui@8.0.2 want: npm:wrap-ansi@^7.0.0
309 silly fetch manifest emoji-regex@^9.2.2
310 silly packumentCache full:https://registry.npmjs.org/emoji-regex cache-miss
311 silly fetch manifest eastasianwidth@^0.2.0
312 silly packumentCache full:https://registry.npmjs.org/eastasianwidth cache-miss
313 silly fetch manifest strip-ansi@^6.0.1
314 silly packumentCache full:https://registry.npmjs.org/strip-ansi cache-miss
315 silly fetch manifest emoji-regex@^8.0.0
316 silly packumentCache full:https://registry.npmjs.org/emoji-regex cache-miss
317 silly fetch manifest is-fullwidth-code-point@^3.0.0
318 silly packumentCache full:https://registry.npmjs.org/is-fullwidth-code-point cache-miss
319 silly fetch manifest ansi-regex@^6.0.1
320 silly packumentCache full:https://registry.npmjs.org/ansi-regex cache-miss
321 silly fetch manifest ansi-regex@^5.0.1
322 silly packumentCache full:https://registry.npmjs.org/ansi-regex cache-miss
323 silly fetch manifest ansi-styles@^6.1.0
324 silly packumentCache full:https://registry.npmjs.org/ansi-styles cache-miss
325 silly fetch manifest strip-ansi@^6.0.0
326 silly packumentCache full:https://registry.npmjs.org/strip-ansi cache-miss
327 silly fetch manifest ansi-styles@^4.0.0
328 silly packumentCache full:https://registry.npmjs.org/ansi-styles cache-miss
329 silly fetch manifest string-width@^4.1.0
330 silly packumentCache full:https://registry.npmjs.org/string-width cache-miss
331 http cache https://registry.npmjs.org/string-width 6ms (cache hit)
332 silly packumentCache full:https://registry.npmjs.org/string-width set size:66232 disposed:false
333 http cache https://registry.npmjs.org/strip-ansi 8ms (cache hit)
334 silly packumentCache full:https://registry.npmjs.org/strip-ansi set size:41855 disposed:false
335 http cache https://registry.npmjs.org/strip-ansi 8ms (cache hit)
336 silly packumentCache full:https://registry.npmjs.org/strip-ansi set size:41855 disposed:false
337 silly packumentCache full:https://registry.npmjs.org/strip-ansi dispose
338 http fetch GET 200 https://registry.npmjs.org/emoji-regex 28ms (cache miss)
339 silly packumentCache full:https://registry.npmjs.org/emoji-regex set size:undefined disposed:false
340 http fetch GET 200 https://registry.npmjs.org/eastasianwidth 30ms (cache miss)
341 silly packumentCache full:https://registry.npmjs.org/eastasianwidth set size:undefined disposed:false
342 http fetch GET 200 https://registry.npmjs.org/is-fullwidth-code-point 29ms (cache miss)
343 silly packumentCache full:https://registry.npmjs.org/is-fullwidth-code-point set size:undefined disposed:false
344 http fetch GET 200 https://registry.npmjs.org/emoji-regex 30ms (cache miss)
345 silly packumentCache full:https://registry.npmjs.org/emoji-regex set size:undefined disposed:false
346 http fetch GET 200 https://registry.npmjs.org/ansi-styles 30ms (cache miss)
347 silly packumentCache full:https://registry.npmjs.org/ansi-styles set size:undefined disposed:false
348 http fetch GET 200 https://registry.npmjs.org/ansi-styles 30ms (cache miss)
349 silly packumentCache full:https://registry.npmjs.org/ansi-styles set size:undefined disposed:false
350 http fetch GET 200 https://registry.npmjs.org/ansi-regex 123ms (cache miss)
351 silly packumentCache full:https://registry.npmjs.org/ansi-regex set size:undefined disposed:false
352 http fetch GET 200 https://registry.npmjs.org/ansi-regex 124ms (cache miss)
353 silly packumentCache full:https://registry.npmjs.org/ansi-regex set size:undefined disposed:false
354 silly placeDep ROOT brace-expansion@2.0.2 OK for: minimatch@9.0.5 want: ^2.0.1
355 silly fetch manifest balanced-match@^1.0.0
356 silly packumentCache full:https://registry.npmjs.org/balanced-match cache-miss
357 http fetch GET 200 https://registry.npmjs.org/balanced-match 25ms (cache miss)
358 silly packumentCache full:https://registry.npmjs.org/balanced-match set size:undefined disposed:false
359 silly placeDep ROOT balanced-match@1.0.2 OK for: brace-expansion@2.0.2 want: ^1.0.0
360 silly placeDep ROOT lru-cache@10.4.3 OK for: path-scurry@1.11.1 want: ^10.2.0
361 silly placeDep ROOT shebang-regex@3.0.0 OK for: shebang-command@2.0.0 want: ^3.0.0
362 silly placeDep ROOT es-errors@1.3.0 OK for: side-channel@1.1.0 want: ^1.3.0
363 silly placeDep ROOT object-inspect@1.13.4 OK for: side-channel@1.1.0 want: ^1.13.3
364 silly placeDep ROOT side-channel-list@1.0.0 OK for: side-channel@1.1.0 want: ^1.0.0
365 silly placeDep ROOT side-channel-map@1.0.1 OK for: side-channel@1.1.0 want: ^1.0.1
366 silly placeDep ROOT side-channel-weakmap@1.0.2 OK for: side-channel@1.1.0 want: ^1.0.2
367 silly fetch manifest call-bound@^1.0.2
368 silly packumentCache full:https://registry.npmjs.org/call-bound cache-miss
369 silly fetch manifest get-intrinsic@^1.2.5
370 silly packumentCache full:https://registry.npmjs.org/get-intrinsic cache-miss
371 silly fetch manifest call-bound@^1.0.2
372 silly packumentCache full:https://registry.npmjs.org/call-bound cache-miss
373 silly fetch manifest get-intrinsic@^1.2.5
374 silly packumentCache full:https://registry.npmjs.org/get-intrinsic cache-miss
375 http fetch GET 200 https://registry.npmjs.org/call-bound 29ms (cache miss)
376 silly packumentCache full:https://registry.npmjs.org/call-bound set size:undefined disposed:false
377 http fetch GET 200 https://registry.npmjs.org/call-bound 31ms (cache miss)
378 silly packumentCache full:https://registry.npmjs.org/call-bound set size:undefined disposed:false
379 http fetch GET 200 https://registry.npmjs.org/get-intrinsic 33ms (cache miss)
380 silly packumentCache full:https://registry.npmjs.org/get-intrinsic set size:undefined disposed:false
381 http fetch GET 200 https://registry.npmjs.org/get-intrinsic 33ms (cache miss)
382 silly packumentCache full:https://registry.npmjs.org/get-intrinsic set size:undefined disposed:false
383 silly placeDep ROOT call-bound@1.0.4 OK for: side-channel-map@1.0.1 want: ^1.0.2
384 silly placeDep ROOT get-intrinsic@1.3.0 OK for: side-channel-map@1.0.1 want: ^1.2.5
385 silly fetch manifest call-bind-apply-helpers@^1.0.2
386 silly packumentCache full:https://registry.npmjs.org/call-bind-apply-helpers cache-miss
387 silly fetch manifest get-intrinsic@^1.3.0
388 silly packumentCache full:https://registry.npmjs.org/get-intrinsic cache-miss
389 silly fetch manifest gopd@^1.2.0
390 silly packumentCache full:https://registry.npmjs.org/gopd cache-miss
391 silly fetch manifest hasown@^2.0.2
392 silly packumentCache full:https://registry.npmjs.org/hasown cache-miss
393 silly fetch manifest get-proto@^1.0.1
394 silly packumentCache full:https://registry.npmjs.org/get-proto cache-miss
395 silly fetch manifest has-symbols@^1.1.0
396 silly packumentCache full:https://registry.npmjs.org/has-symbols cache-miss
397 silly fetch manifest function-bind@^1.1.2
398 silly packumentCache full:https://registry.npmjs.org/function-bind cache-miss
399 silly fetch manifest es-object-atoms@^1.1.1
400 silly packumentCache full:https://registry.npmjs.org/es-object-atoms cache-miss
401 silly fetch manifest math-intrinsics@^1.1.0
402 silly packumentCache full:https://registry.npmjs.org/math-intrinsics cache-miss
403 silly fetch manifest es-define-property@^1.0.1
404 silly packumentCache full:https://registry.npmjs.org/es-define-property cache-miss
405 silly fetch manifest call-bind-apply-helpers@^1.0.2
406 silly packumentCache full:https://registry.npmjs.org/call-bind-apply-helpers cache-miss
407 http cache https://registry.npmjs.org/get-intrinsic 9ms (cache hit)
408 silly packumentCache full:https://registry.npmjs.org/get-intrinsic set size:60985 disposed:false
409 http fetch GET 200 https://registry.npmjs.org/es-object-atoms 33ms (cache miss)
410 silly packumentCache full:https://registry.npmjs.org/es-object-atoms set size:undefined disposed:false
411 http fetch GET 200 https://registry.npmjs.org/call-bind-apply-helpers 34ms (cache miss)
412 silly packumentCache full:https://registry.npmjs.org/call-bind-apply-helpers set size:undefined disposed:false
413 http fetch GET 200 https://registry.npmjs.org/call-bind-apply-helpers 36ms (cache miss)
414 silly packumentCache full:https://registry.npmjs.org/call-bind-apply-helpers set size:undefined disposed:false
415 http fetch GET 200 https://registry.npmjs.org/hasown 36ms (cache miss)
416 silly packumentCache full:https://registry.npmjs.org/hasown set size:undefined disposed:false
417 http fetch GET 200 https://registry.npmjs.org/get-proto 36ms (cache miss)
418 silly packumentCache full:https://registry.npmjs.org/get-proto set size:undefined disposed:false
419 http fetch GET 200 https://registry.npmjs.org/gopd 37ms (cache miss)
420 silly packumentCache full:https://registry.npmjs.org/gopd set size:undefined disposed:false
421 http fetch GET 200 https://registry.npmjs.org/function-bind 36ms (cache miss)
422 silly packumentCache full:https://registry.npmjs.org/function-bind set size:undefined disposed:false
423 http fetch GET 200 https://registry.npmjs.org/has-symbols 37ms (cache miss)
424 silly packumentCache full:https://registry.npmjs.org/has-symbols set size:undefined disposed:false
425 http fetch GET 200 https://registry.npmjs.org/math-intrinsics 36ms (cache miss)
426 silly packumentCache full:https://registry.npmjs.org/math-intrinsics set size:undefined disposed:false
427 http fetch GET 200 https://registry.npmjs.org/es-define-property 38ms (cache miss)
428 silly packumentCache full:https://registry.npmjs.org/es-define-property set size:undefined disposed:false
429 silly placeDep ROOT call-bind-apply-helpers@1.0.2 OK for: call-bound@1.0.4 want: ^1.0.2
430 silly placeDep ROOT function-bind@1.1.2 OK for: call-bind-apply-helpers@1.0.2 want: ^1.1.2
431 silly placeDep ROOT es-define-property@1.0.1 OK for: get-intrinsic@1.3.0 want: ^1.0.1
432 silly placeDep ROOT es-object-atoms@1.1.1 OK for: get-intrinsic@1.3.0 want: ^1.1.1
433 silly placeDep ROOT get-proto@1.0.1 OK for: get-intrinsic@1.3.0 want: ^1.0.1
434 silly placeDep ROOT gopd@1.2.0 OK for: get-intrinsic@1.3.0 want: ^1.2.0
435 silly placeDep ROOT has-symbols@1.1.0 OK for: get-intrinsic@1.3.0 want: ^1.1.0
436 silly placeDep ROOT hasown@2.0.2 OK for: get-intrinsic@1.3.0 want: ^2.0.2
437 silly placeDep ROOT math-intrinsics@1.1.0 OK for: get-intrinsic@1.3.0 want: ^1.1.0
438 silly fetch manifest dunder-proto@^1.0.1
439 silly packumentCache full:https://registry.npmjs.org/dunder-proto cache-miss
440 http fetch GET 200 https://registry.npmjs.org/dunder-proto 30ms (cache miss)
441 silly packumentCache full:https://registry.npmjs.org/dunder-proto set size:undefined disposed:false
442 silly placeDep ROOT dunder-proto@1.0.1 OK for: get-proto@1.0.1 want: ^1.0.1
443 silly placeDep ROOT eastasianwidth@0.2.0 OK for: string-width@5.1.2 want: ^0.2.0
444 silly placeDep ROOT emoji-regex@9.2.2 OK for: string-width@5.1.2 want: ^9.2.2
445 silly placeDep node_modules/string-width-cjs emoji-regex@8.0.0 OK for: string-width@4.2.3 want: ^8.0.0
446 silly placeDep ROOT is-fullwidth-code-point@3.0.0 OK for: string-width@4.2.3 want: ^3.0.0
447 silly placeDep node_modules/string-width-cjs strip-ansi@6.0.1 OK for: string-width@4.2.3 want: ^6.0.1
448 silly placeDep ROOT ansi-regex@6.2.2 OK for: strip-ansi@7.1.2 want: ^6.0.1
449 silly placeDep node_modules/strip-ansi-cjs ansi-regex@5.0.1 OK for: strip-ansi@6.0.1 want: ^5.0.1
450 silly placeDep ROOT isexe@2.0.0 OK for: which@2.0.2 want: ^2.0.0
451 silly placeDep ROOT ansi-styles@6.2.3 OK for: wrap-ansi@8.1.0 want: ^6.1.0
452 silly placeDep node_modules/wrap-ansi-cjs ansi-styles@4.3.0 OK for: wrap-ansi@7.0.0 want: ^4.0.0
453 silly placeDep node_modules/wrap-ansi-cjs string-width@4.2.3 OK for: wrap-ansi@7.0.0 want: ^4.1.0
454 silly placeDep node_modules/wrap-ansi-cjs strip-ansi@6.0.1 OK for: wrap-ansi@7.0.0 want: ^6.0.0
455 silly fetch manifest color-convert@^2.0.1
456 silly packumentCache full:https://registry.npmjs.org/color-convert cache-miss
457 http fetch GET 200 https://registry.npmjs.org/color-convert 26ms (cache miss)
458 silly packumentCache full:https://registry.npmjs.org/color-convert set size:undefined disposed:false
459 silly placeDep node_modules/string-width-cjs ansi-regex@5.0.1 OK for: strip-ansi@6.0.1 want: ^5.0.1
460 silly placeDep ROOT color-convert@2.0.1 OK for: ansi-styles@4.3.0 want: ^2.0.1
461 silly fetch manifest color-name@~1.1.4
462 silly packumentCache full:https://registry.npmjs.org/color-name cache-miss
463 http fetch GET 200 https://registry.npmjs.org/color-name 26ms (cache miss)
464 silly packumentCache full:https://registry.npmjs.org/color-name set size:undefined disposed:false
465 silly placeDep ROOT color-name@1.1.4 OK for: color-convert@2.0.1 want: ~1.1.4
466 silly placeDep node_modules/wrap-ansi-cjs emoji-regex@8.0.0 OK for: string-width@4.2.3 want: ^8.0.0
467 silly placeDep node_modules/wrap-ansi-cjs ansi-regex@5.0.1 OK for: strip-ansi@6.0.1 want: ^5.0.1
468 silly reify moves {}
469 silly audit bulk request {
469 silly audit   '@babel/helper-string-parser': [ '7.27.1' ],
469 silly audit   '@babel/helper-validator-identifier': [ '7.28.5' ],
469 silly audit   '@babel/types': [ '7.28.5' ],
469 silly audit   '@emnapi/runtime': [ '1.8.1' ],
469 silly audit   '@img/colour': [ '1.0.0' ],
469 silly audit   '@img/sharp-darwin-arm64': [ '0.34.5' ],
469 silly audit   '@img/sharp-darwin-x64': [ '0.34.5' ],
469 silly audit   '@img/sharp-libvips-darwin-arm64': [ '1.2.4' ],
469 silly audit   '@img/sharp-libvips-darwin-x64': [ '1.2.4' ],
469 silly audit   '@img/sharp-libvips-linux-arm': [ '1.2.4' ],
469 silly audit   '@img/sharp-libvips-linux-arm64': [ '1.2.4' ],
469 silly audit   '@img/sharp-libvips-linux-ppc64': [ '1.2.4' ],
469 silly audit   '@img/sharp-libvips-linux-riscv64': [ '1.2.4' ],
469 silly audit   '@img/sharp-libvips-linux-s390x': [ '1.2.4' ],
469 silly audit   '@img/sharp-libvips-linux-x64': [ '1.2.4' ],
469 silly audit   '@img/sharp-libvips-linuxmusl-arm64': [ '1.2.4' ],
469 silly audit   '@img/sharp-libvips-linuxmusl-x64': [ '1.2.4' ],
469 silly audit   '@img/sharp-linux-arm': [ '0.34.5' ],
469 silly audit   '@img/sharp-linux-arm64': [ '0.34.5' ],
469 silly audit   '@img/sharp-linux-ppc64': [ '0.34.5' ],
469 silly audit   '@img/sharp-linux-riscv64': [ '0.34.5' ],
469 silly audit   '@img/sharp-linux-s390x': [ '0.34.5' ],
469 silly audit   '@img/sharp-linux-x64': [ '0.34.5' ],
469 silly audit   '@img/sharp-linuxmusl-arm64': [ '0.34.5' ],
469 silly audit   '@img/sharp-linuxmusl-x64': [ '0.34.5' ],
469 silly audit   '@img/sharp-wasm32': [ '0.34.5' ],
469 silly audit   '@img/sharp-win32-arm64': [ '0.34.5' ],
469 silly audit   '@img/sharp-win32-ia32': [ '0.34.5' ],
469 silly audit   '@img/sharp-win32-x64': [ '0.34.5' ],
469 silly audit   '@next/env': [ '16.1.1' ],
469 silly audit   '@next/swc-darwin-arm64': [ '16.1.1' ],
469 silly audit   '@next/swc-darwin-x64': [ '16.1.1' ],
469 silly audit   '@next/swc-linux-arm64-gnu': [ '16.1.1' ],
469 silly audit   '@next/swc-linux-arm64-musl': [ '16.1.1' ],
469 silly audit   '@next/swc-linux-x64-gnu': [ '16.1.1' ],
469 silly audit   '@next/swc-linux-x64-musl': [ '16.1.1' ],
469 silly audit   '@next/swc-win32-arm64-msvc': [ '16.1.1' ],
469 silly audit   '@next/swc-win32-x64-msvc': [ '16.1.1' ],
469 silly audit   '@supabase/auth-js': [ '2.89.0' ],
469 silly audit   '@supabase/functions-js': [ '2.89.0' ],
469 silly audit   '@supabase/postgrest-js': [ '2.89.0' ],
469 silly audit   '@supabase/realtime-js': [ '2.89.0' ],
469 silly audit   '@supabase/storage-js': [ '2.89.0' ],
469 silly audit   '@supabase/supabase-js': [ '2.89.0' ],
469 silly audit   '@swc/helpers': [ '0.5.15' ],
469 silly audit   '@types/node': [ '20.19.27' ],
469 silly audit   '@types/phoenix': [ '1.6.7' ],
469 silly audit   '@types/react': [ '19.2.7' ],
469 silly audit   '@types/react-dom': [ '19.2.3' ],
469 silly audit   '@types/ws': [ '8.18.1' ],
469 silly audit   'babel-plugin-react-compiler': [ '1.0.0' ],
469 silly audit   'baseline-browser-mapping': [ '2.9.11' ],
469 silly audit   bcryptjs: [ '3.0.3' ],
469 silly audit   'caniuse-lite': [ '1.0.30001762' ],
469 silly audit   'client-only': [ '0.0.1' ],
469 silly audit   csstype: [ '3.2.3' ],
469 silly audit   'detect-libc': [ '2.1.2' ],
469 silly audit   'iceberg-js': [ '0.8.1' ],
469 silly audit   nanoid: [ '3.3.11' ],
469 silly audit   next: [ '16.1.1' ],
469 silly audit   picocolors: [ '1.1.1' ],
469 silly audit   postcss: [ '8.4.31' ],
469 silly audit   react: [ '19.2.3' ],
469 silly audit   'react-dom': [ '19.2.3' ],
469 silly audit   scheduler: [ '0.27.0' ],
469 silly audit   semver: [ '7.7.3' ],
469 silly audit   sharp: [ '0.34.5' ],
469 silly audit   'source-map-js': [ '1.2.1' ],
469 silly audit   'styled-jsx': [ '5.1.6' ],
469 silly audit   tslib: [ '2.8.1' ],
469 silly audit   typescript: [ '5.9.3' ],
469 silly audit   'undici-types': [ '6.21.0' ],
469 silly audit   ws: [ '8.19.0' ],
469 silly audit   googleapis: [ '171.0.0' ],
469 silly audit   'google-auth-library': [ '10.5.0' ],
469 silly audit   'googleapis-common': [ '8.0.1' ],
469 silly audit   'base64-js': [ '1.5.1' ],
469 silly audit   'ecdsa-sig-formatter': [ '1.0.11' ],
469 silly audit   gaxios: [ '7.1.3' ],
469 silly audit   'gcp-metadata': [ '8.1.2' ],
469 silly audit   'google-logging-utils': [ '1.1.3' ],
469 silly audit   gtoken: [ '8.0.0' ],
469 silly audit   jws: [ '4.0.1' ],
469 silly audit   'safe-buffer': [ '5.2.1' ],
469 silly audit   extend: [ '3.0.2' ],
469 silly audit   'https-proxy-agent': [ '7.0.6' ],
469 silly audit   'node-fetch': [ '3.3.2' ],
469 silly audit   rimraf: [ '5.0.10' ],
469 silly audit   'json-bigint': [ '1.0.0' ],
469 silly audit   qs: [ '6.14.1' ],
469 silly audit   'url-template': [ '2.0.8' ],
469 silly audit   'agent-base': [ '7.1.4' ],
469 silly audit   debug: [ '4.4.3' ],
469 silly audit   ms: [ '2.1.3' ],
469 silly audit   'bignumber.js': [ '9.3.1' ],
469 silly audit   jwa: [ '2.0.1' ],
469 silly audit   'buffer-equal-constant-time': [ '1.0.1' ],
469 silly audit   'data-uri-to-buffer': [ '4.0.1' ],
469 silly audit   'fetch-blob': [ '3.2.0' ],
469 silly audit   'formdata-polyfill': [ '4.0.10' ],
469 silly audit   'node-domexception': [ '1.0.0' ],
469 silly audit   'web-streams-polyfill': [ '3.3.3' ],
469 silly audit   'side-channel': [ '1.1.0' ],
469 silly audit   glob: [ '10.5.0' ],
469 silly audit   'foreground-child': [ '3.3.1' ],
469 silly audit   jackspeak: [ '3.4.3' ],
469 silly audit   minimatch: [ '9.0.5' ],
469 silly audit   minipass: [ '7.1.2' ],
469 silly audit   'package-json-from-dist': [ '1.0.1' ],
469 silly audit   'path-scurry': [ '1.11.1' ],
469 silly audit   'cross-spawn': [ '7.0.6' ],
469 silly audit   'signal-exit': [ '4.1.0' ],
469 silly audit   'path-key': [ '3.1.1' ],
469 silly audit   'shebang-command': [ '2.0.0' ],
469 silly audit   which: [ '2.0.2' ],
469 silly audit   '@isaacs/cliui': [ '8.0.2' ],
469 silly audit   '@pkgjs/parseargs': [ '0.11.0' ],
469 silly audit   'string-width': [ '5.1.2', '4.2.3' ],
469 silly audit   'strip-ansi': [ '7.1.2', '6.0.1' ],
469 silly audit   'wrap-ansi': [ '8.1.0', '7.0.0' ],
469 silly audit   'brace-expansion': [ '2.0.2' ],
469 silly audit   'balanced-match': [ '1.0.2' ],
469 silly audit   'lru-cache': [ '10.4.3' ],
469 silly audit   'shebang-regex': [ '3.0.0' ],
469 silly audit   'es-errors': [ '1.3.0' ],
469 silly audit   'object-inspect': [ '1.13.4' ],
469 silly audit   'side-channel-list': [ '1.0.0' ],
469 silly audit   'side-channel-map': [ '1.0.1' ],
469 silly audit   'side-channel-weakmap': [ '1.0.2' ],
469 silly audit   'call-bound': [ '1.0.4' ],
469 silly audit   'get-intrinsic': [ '1.3.0' ],
469 silly audit   'call-bind-apply-helpers': [ '1.0.2' ],
469 silly audit   'function-bind': [ '1.1.2' ],
469 silly audit   'es-define-property': [ '1.0.1' ],
469 silly audit   'es-object-atoms': [ '1.1.1' ],
469 silly audit   'get-proto': [ '1.0.1' ],
469 silly audit   gopd: [ '1.2.0' ],
469 silly audit   'has-symbols': [ '1.1.0' ],
469 silly audit   hasown: [ '2.0.2' ],
469 silly audit   'math-intrinsics': [ '1.1.0' ],
469 silly audit   'dunder-proto': [ '1.0.1' ],
469 silly audit   eastasianwidth: [ '0.2.0' ],
469 silly audit   'emoji-regex': [ '9.2.2', '8.0.0' ],
469 silly audit   'is-fullwidth-code-point': [ '3.0.0' ],
469 silly audit   'ansi-regex': [ '6.2.2', '5.0.1' ],
469 silly audit   isexe: [ '2.0.0' ],
469 silly audit   'ansi-styles': [ '6.2.3', '4.3.0' ],
469 silly audit   'color-convert': [ '2.0.1' ],
469 silly audit   'color-name': [ '1.1.4' ]
469 silly audit }
470 verbose reify failed optional dependency /Users/sanjithudupa/Documents/Code/MIT/zbt/midnights/midnights_web/node_modules/@next/swc-win32-x64-msvc
471 silly reify mark deleted [
471 silly reify   '/Users/sanjithudupa/Documents/Code/MIT/zbt/midnights/midnights_web/node_modules/@next/swc-win32-x64-msvc'
471 silly reify ]
472 verbose reify failed optional dependency /Users/sanjithudupa/Documents/Code/MIT/zbt/midnights/midnights_web/node_modules/@next/swc-win32-arm64-msvc
473 silly reify mark deleted [
473 silly reify   '/Users/sanjithudupa/Documents/Code/MIT/zbt/midnights/midnights_web/node_modules/@next/swc-win32-arm64-msvc'
473 silly reify ]
474 verbose reify failed optional dependency /Users/sanjithudupa/Documents/Code/MIT/zbt/midnights/midnights_web/node_modules/@next/swc-linux-x64-musl
475 silly reify mark deleted [
475 silly reify   '/Users/sanjithudupa/Documents/Code/MIT/zbt/midnights/midnights_web/node_modules/@next/swc-linux-x64-musl'
475 silly reify ]
476 verbose reify failed optional dependency /Users/sanjithudupa/Documents/Code/MIT/zbt/midnights/midnights_web/node_modules/@next/swc-linux-x64-gnu
477 silly reify mark deleted [
477 silly reify   '/Users/sanjithudupa/Documents/Code/MIT/zbt/midnights/midnights_web/node_modules/@next/swc-linux-x64-gnu'
477 silly reify ]
478 verbose reify failed optional dependency /Users/sanjithudupa/Documents/Code/MIT/zbt/midnights/midnights_web/node_modules/@next/swc-linux-arm64-musl
479 silly reify mark deleted [
479 silly reify   '/Users/sanjithudupa/Documents/Code/MIT/zbt/midnights/midnights_web/node_modules/@next/swc-linux-arm64-musl'
479 silly reify ]
480 verbose reify failed optional dependency /Users/sanjithudupa/Documents/Code/MIT/zbt/midnights/midnights_web/node_modules/@next/swc-linux-arm64-gnu
481 silly reify mark deleted [
481 silly reify   '/Users/sanjithudupa/Documents/Code/MIT/zbt/midnights/midnights_web/node_modules/@next/swc-linux-arm64-gnu'
481 silly reify ]
482 verbose reify failed optional dependency /Users/sanjithudupa/Documents/Code/MIT/zbt/midnights/midnights_web/node_modules/@next/swc-darwin-x64
483 silly reify mark deleted [
483 silly reify   '/Users/sanjithudupa/Documents/Code/MIT/zbt/midnights/midnights_web/node_modules/@next/swc-darwin-x64'
483 silly reify ]
484 verbose reify failed optional dependency /Users/sanjithudupa/Documents/Code/MIT/zbt/midnights/midnights_web/node_modules/@img/sharp-win32-x64
485 silly reify mark deleted [
485 silly reify   '/Users/sanjithudupa/Documents/Code/MIT/zbt/midnights/midnights_web/node_modules/@img/sharp-win32-x64'
485 silly reify ]
486 verbose reify failed optional dependency /Users/sanjithudupa/Documents/Code/MIT/zbt/midnights/midnights_web/node_modules/@img/sharp-win32-ia32
487 silly reify mark deleted [
487 silly reify   '/Users/sanjithudupa/Documents/Code/MIT/zbt/midnights/midnights_web/node_modules/@img/sharp-win32-ia32'
487 silly reify ]
488 verbose reify failed optional dependency /Users/sanjithudupa/Documents/Code/MIT/zbt/midnights/midnights_web/node_modules/@img/sharp-win32-arm64
489 silly reify mark deleted [
489 silly reify   '/Users/sanjithudupa/Documents/Code/MIT/zbt/midnights/midnights_web/node_modules/@img/sharp-win32-arm64'
489 silly reify ]
490 verbose reify failed optional dependency /Users/sanjithudupa/Documents/Code/MIT/zbt/midnights/midnights_web/node_modules/@img/sharp-wasm32
491 silly reify mark deleted [
491 silly reify   '/Users/sanjithudupa/Documents/Code/MIT/zbt/midnights/midnights_web/node_modules/@img/sharp-wasm32'
491 silly reify ]
492 verbose reify failed optional dependency /Users/sanjithudupa/Documents/Code/MIT/zbt/midnights/midnights_web/node_modules/@emnapi/runtime
493 silly reify mark deleted [
493 silly reify   '/Users/sanjithudupa/Documents/Code/MIT/zbt/midnights/midnights_web/node_modules/@emnapi/runtime'
493 silly reify ]
494 verbose reify failed optional dependency /Users/sanjithudupa/Documents/Code/MIT/zbt/midnights/midnights_web/node_modules/@img/sharp-linuxmusl-x64
495 silly reify mark deleted [
495 silly reify   '/Users/sanjithudupa/Documents/Code/MIT/zbt/midnights/midnights_web/node_modules/@img/sharp-linuxmusl-x64'
495 silly reify ]
496 verbose reify failed optional dependency /Users/sanjithudupa/Documents/Code/MIT/zbt/midnights/midnights_web/node_modules/@img/sharp-linuxmusl-arm64
497 silly reify mark deleted [
497 silly reify   '/Users/sanjithudupa/Documents/Code/MIT/zbt/midnights/midnights_web/node_modules/@img/sharp-linuxmusl-arm64'
497 silly reify ]
498 verbose reify failed optional dependency /Users/sanjithudupa/Documents/Code/MIT/zbt/midnights/midnights_web/node_modules/@img/sharp-linux-x64
499 silly reify mark deleted [
499 silly reify   '/Users/sanjithudupa/Documents/Code/MIT/zbt/midnights/midnights_web/node_modules/@img/sharp-linux-x64'
499 silly reify ]
500 verbose reify failed optional dependency /Users/sanjithudupa/Documents/Code/MIT/zbt/midnights/midnights_web/node_modules/@img/sharp-linux-s390x
501 silly reify mark deleted [
501 silly reify   '/Users/sanjithudupa/Documents/Code/MIT/zbt/midnights/midnights_web/node_modules/@img/sharp-linux-s390x'
501 silly reify ]
502 verbose reify failed optional dependency /Users/sanjithudupa/Documents/Code/MIT/zbt/midnights/midnights_web/node_modules/@img/sharp-linux-riscv64
503 silly reify mark deleted [
503 silly reify   '/Users/sanjithudupa/Documents/Code/MIT/zbt/midnights/midnights_web/node_modules/@img/sharp-linux-riscv64'
503 silly reify ]
504 verbose reify failed optional dependency /Users/sanjithudupa/Documents/Code/MIT/zbt/midnights/midnights_web/node_modules/@img/sharp-linux-ppc64
505 silly reify mark deleted [
505 silly reify   '/Users/sanjithudupa/Documents/Code/MIT/zbt/midnights/midnights_web/node_modules/@img/sharp-linux-ppc64'
505 silly reify ]
506 verbose reify failed optional dependency /Users/sanjithudupa/Documents/Code/MIT/zbt/midnights/midnights_web/node_modules/@img/sharp-linux-arm64
507 silly reify mark deleted [
507 silly reify   '/Users/sanjithudupa/Documents/Code/MIT/zbt/midnights/midnights_web/node_modules/@img/sharp-linux-arm64'
507 silly reify ]
508 verbose reify failed optional dependency /Users/sanjithudupa/Documents/Code/MIT/zbt/midnights/midnights_web/node_modules/@img/sharp-linux-arm
509 silly reify mark deleted [
509 silly reify   '/Users/sanjithudupa/Documents/Code/MIT/zbt/midnights/midnights_web/node_modules/@img/sharp-linux-arm'
509 silly reify ]
510 verbose reify failed optional dependency /Users/sanjithudupa/Documents/Code/MIT/zbt/midnights/midnights_web/node_modules/@img/sharp-libvips-linuxmusl-x64
511 silly reify mark deleted [
511 silly reify   '/Users/sanjithudupa/Documents/Code/MIT/zbt/midnights/midnights_web/node_modules/@img/sharp-libvips-linuxmusl-x64'
511 silly reify ]
512 verbose reify failed optional dependency /Users/sanjithudupa/Documents/Code/MIT/zbt/midnights/midnights_web/node_modules/@img/sharp-libvips-linuxmusl-arm64
513 silly reify mark deleted [
513 silly reify   '/Users/sanjithudupa/Documents/Code/MIT/zbt/midnights/midnights_web/node_modules/@img/sharp-libvips-linuxmusl-arm64'
513 silly reify ]
514 verbose reify failed optional dependency /Users/sanjithudupa/Documents/Code/MIT/zbt/midnights/midnights_web/node_modules/@img/sharp-libvips-linux-x64
515 silly reify mark deleted [
515 silly reify   '/Users/sanjithudupa/Documents/Code/MIT/zbt/midnights/midnights_web/node_modules/@img/sharp-libvips-linux-x64'
515 silly reify ]
516 verbose reify failed optional dependency /Users/sanjithudupa/Documents/Code/MIT/zbt/midnights/midnights_web/node_modules/@img/sharp-libvips-linux-s390x
517 silly reify mark deleted [
517 silly reify   '/Users/sanjithudupa/Documents/Code/MIT/zbt/midnights/midnights_web/node_modules/@img/sharp-libvips-linux-s390x'
517 silly reify ]
518 verbose reify failed optional dependency /Users/sanjithudupa/Documents/Code/MIT/zbt/midnights/midnights_web/node_modules/@img/sharp-libvips-linux-riscv64
519 silly reify mark deleted [
519 silly reify   '/Users/sanjithudupa/Documents/Code/MIT/zbt/midnights/midnights_web/node_modules/@img/sharp-libvips-linux-riscv64'
519 silly reify ]
520 verbose reify failed optional dependency /Users/sanjithudupa/Documents/Code/MIT/zbt/midnights/midnights_web/node_modules/@img/sharp-libvips-linux-ppc64
521 silly reify mark deleted [
521 silly reify   '/Users/sanjithudupa/Documents/Code/MIT/zbt/midnights/midnights_web/node_modules/@img/sharp-libvips-linux-ppc64'
521 silly reify ]
522 verbose reify failed optional dependency /Users/sanjithudupa/Documents/Code/MIT/zbt/midnights/midnights_web/node_modules/@img/sharp-libvips-linux-arm64
523 silly reify mark deleted [
523 silly reify   '/Users/sanjithudupa/Documents/Code/MIT/zbt/midnights/midnights_web/node_modules/@img/sharp-libvips-linux-arm64'
523 silly reify ]
524 verbose reify failed optional dependency /Users/sanjithudupa/Documents/Code/MIT/zbt/midnights/midnights_web/node_modules/@img/sharp-libvips-linux-arm
525 silly reify mark deleted [
525 silly reify   '/Users/sanjithudupa/Documents/Code/MIT/zbt/midnights/midnights_web/node_modules/@img/sharp-libvips-linux-arm'
525 silly reify ]
526 verbose reify failed optional dependency /Users/sanjithudupa/Documents/Code/MIT/zbt/midnights/midnights_web/node_modules/@img/sharp-libvips-darwin-x64
527 silly reify mark deleted [
527 silly reify   '/Users/sanjithudupa/Documents/Code/MIT/zbt/midnights/midnights_web/node_modules/@img/sharp-libvips-darwin-x64'
527 silly reify ]
528 verbose reify failed optional dependency /Users/sanjithudupa/Documents/Code/MIT/zbt/midnights/midnights_web/node_modules/@img/sharp-darwin-x64
529 silly reify mark deleted [
529 silly reify   '/Users/sanjithudupa/Documents/Code/MIT/zbt/midnights/midnights_web/node_modules/@img/sharp-darwin-x64'
529 silly reify ]
530 http cache color-name@https://registry.npmjs.org/color-name/-/color-name-1.1.4.tgz 0ms (cache hit)
531 http cache isexe@https://registry.npmjs.org/isexe/-/isexe-2.0.0.tgz 0ms (cache hit)
532 http cache color-convert@https://registry.npmjs.org/color-convert/-/color-convert-2.0.1.tgz 0ms (cache hit)
533 http cache ansi-styles@https://registry.npmjs.org/ansi-styles/-/ansi-styles-6.2.3.tgz 0ms (cache hit)
534 http cache ansi-regex@https://registry.npmjs.org/ansi-regex/-/ansi-regex-6.2.2.tgz 0ms (cache hit)
535 http cache emoji-regex@https://registry.npmjs.org/emoji-regex/-/emoji-regex-9.2.2.tgz 0ms (cache hit)
536 http cache dunder-proto@https://registry.npmjs.org/dunder-proto/-/dunder-proto-1.0.1.tgz 0ms (cache hit)
537 http cache is-fullwidth-code-point@https://registry.npmjs.org/is-fullwidth-code-point/-/is-fullwidth-code-point-3.0.0.tgz 0ms (cache hit)
538 http cache math-intrinsics@https://registry.npmjs.org/math-intrinsics/-/math-intrinsics-1.1.0.tgz 0ms (cache hit)
539 http cache eastasianwidth@https://registry.npmjs.org/eastasianwidth/-/eastasianwidth-0.2.0.tgz 0ms (cache hit)
540 http cache has-symbols@https://registry.npmjs.org/has-symbols/-/has-symbols-1.1.0.tgz 0ms (cache hit)
541 http cache hasown@https://registry.npmjs.org/hasown/-/hasown-2.0.2.tgz 0ms (cache hit)
542 http cache gopd@https://registry.npmjs.org/gopd/-/gopd-1.2.0.tgz 0ms (cache hit)
543 http cache get-proto@https://registry.npmjs.org/get-proto/-/get-proto-1.0.1.tgz 0ms (cache hit)
544 http cache es-object-atoms@https://registry.npmjs.org/es-object-atoms/-/es-object-atoms-1.1.1.tgz 0ms (cache hit)
545 http cache es-define-property@https://registry.npmjs.org/es-define-property/-/es-define-property-1.0.1.tgz 0ms (cache hit)
546 http cache function-bind@https://registry.npmjs.org/function-bind/-/function-bind-1.1.2.tgz 0ms (cache hit)
547 http cache call-bind-apply-helpers@https://registry.npmjs.org/call-bind-apply-helpers/-/call-bind-apply-helpers-1.0.2.tgz 0ms (cache hit)
548 http cache get-intrinsic@https://registry.npmjs.org/get-intrinsic/-/get-intrinsic-1.3.0.tgz 0ms (cache hit)
549 http cache call-bound@https://registry.npmjs.org/call-bound/-/call-bound-1.0.4.tgz 0ms (cache hit)
550 http cache side-channel-weakmap@https://registry.npmjs.org/side-channel-weakmap/-/side-channel-weakmap-1.0.2.tgz 0ms (cache hit)
551 http cache side-channel-map@https://registry.npmjs.org/side-channel-map/-/side-channel-map-1.0.1.tgz 0ms (cache hit)
552 http cache side-channel-list@https://registry.npmjs.org/side-channel-list/-/side-channel-list-1.0.0.tgz 0ms (cache hit)
553 http cache es-errors@https://registry.npmjs.org/es-errors/-/es-errors-1.3.0.tgz 0ms (cache hit)
554 http cache lru-cache@https://registry.npmjs.org/lru-cache/-/lru-cache-10.4.3.tgz 0ms (cache hit)
555 http cache object-inspect@https://registry.npmjs.org/object-inspect/-/object-inspect-1.13.4.tgz 0ms (cache hit)
556 http cache balanced-match@https://registry.npmjs.org/balanced-match/-/balanced-match-1.0.2.tgz 0ms (cache hit)
557 http cache brace-expansion@https://registry.npmjs.org/brace-expansion/-/brace-expansion-2.0.2.tgz 0ms (cache hit)
558 http cache wrap-ansi-cjs@https://registry.npmjs.org/wrap-ansi/-/wrap-ansi-7.0.0.tgz 0ms (cache hit)
559 http cache shebang-regex@https://registry.npmjs.org/shebang-regex/-/shebang-regex-3.0.0.tgz 0ms (cache hit)
560 http cache wrap-ansi@https://registry.npmjs.org/wrap-ansi/-/wrap-ansi-8.1.0.tgz 0ms (cache hit)
561 http cache strip-ansi-cjs@https://registry.npmjs.org/strip-ansi/-/strip-ansi-6.0.1.tgz 0ms (cache hit)
562 http cache strip-ansi@https://registry.npmjs.org/strip-ansi/-/strip-ansi-7.1.2.tgz 0ms (cache hit)
563 http cache string-width-cjs@https://registry.npmjs.org/string-width/-/string-width-4.2.3.tgz 0ms (cache hit)
564 http cache @pkgjs/parseargs@https://registry.npmjs.org/@pkgjs/parseargs/-/parseargs-0.11.0.tgz 0ms (cache hit)
565 http cache string-width@https://registry.npmjs.org/string-width/-/string-width-5.1.2.tgz 0ms (cache hit)
566 http cache @isaacs/cliui@https://registry.npmjs.org/@isaacs/cliui/-/cliui-8.0.2.tgz 0ms (cache hit)
567 http cache which@https://registry.npmjs.org/which/-/which-2.0.2.tgz 0ms (cache hit)
568 http cache shebang-command@https://registry.npmjs.org/shebang-command/-/shebang-command-2.0.0.tgz 0ms (cache hit)
569 http cache path-key@https://registry.npmjs.org/path-key/-/path-key-3.1.1.tgz 0ms (cache hit)
570 http cache cross-spawn@https://registry.npmjs.org/cross-spawn/-/cross-spawn-7.0.6.tgz 0ms (cache hit)
571 http cache path-scurry@https://registry.npmjs.org/path-scurry/-/path-scurry-1.11.1.tgz 0ms (cache hit)
572 http cache package-json-from-dist@https://registry.npmjs.org/package-json-from-dist/-/package-json-from-dist-1.0.1.tgz 0ms (cache hit)
573 http cache signal-exit@https://registry.npmjs.org/signal-exit/-/signal-exit-4.1.0.tgz 0ms (cache hit)
574 http cache minipass@https://registry.npmjs.org/minipass/-/minipass-7.1.2.tgz 0ms (cache hit)
575 http cache jackspeak@https://registry.npmjs.org/jackspeak/-/jackspeak-3.4.3.tgz 0ms (cache hit)
576 http cache foreground-child@https://registry.npmjs.org/foreground-child/-/foreground-child-3.3.1.tgz 0ms (cache hit)
577 http cache minimatch@https://registry.npmjs.org/minimatch/-/minimatch-9.0.5.tgz 0ms (cache hit)
578 http cache glob@https://registry.npmjs.org/glob/-/glob-10.5.0.tgz 0ms (cache hit)
579 http cache side-channel@https://registry.npmjs.org/side-channel/-/side-channel-1.1.0.tgz 0ms (cache hit)
580 http cache web-streams-polyfill@https://registry.npmjs.org/web-streams-polyfill/-/web-streams-polyfill-3.3.3.tgz 0ms (cache hit)
581 http cache node-domexception@https://registry.npmjs.org/node-domexception/-/node-domexception-1.0.0.tgz 0ms (cache hit)
582 http cache formdata-polyfill@https://registry.npmjs.org/formdata-polyfill/-/formdata-polyfill-4.0.10.tgz 0ms (cache hit)
583 http cache data-uri-to-buffer@https://registry.npmjs.org/data-uri-to-buffer/-/data-uri-to-buffer-4.0.1.tgz 0ms (cache hit)
584 http cache jwa@https://registry.npmjs.org/jwa/-/jwa-2.0.1.tgz 0ms (cache hit)
585 http cache fetch-blob@https://registry.npmjs.org/fetch-blob/-/fetch-blob-3.2.0.tgz 0ms (cache hit)
586 http cache buffer-equal-constant-time@https://registry.npmjs.org/buffer-equal-constant-time/-/buffer-equal-constant-time-1.0.1.tgz 0ms (cache hit)
587 http cache bignumber.js@https://registry.npmjs.org/bignumber.js/-/bignumber.js-9.3.1.tgz 0ms (cache hit)
588 http cache debug@https://registry.npmjs.org/debug/-/debug-4.4.3.tgz 0ms (cache hit)
589 http cache agent-base@https://registry.npmjs.org/agent-base/-/agent-base-7.1.4.tgz 0ms (cache hit)
590 http cache url-template@https://registry.npmjs.org/url-template/-/url-template-2.0.8.tgz 0ms (cache hit)
591 http cache ms@https://registry.npmjs.org/ms/-/ms-2.1.3.tgz 0ms (cache hit)
592 http cache json-bigint@https://registry.npmjs.org/json-bigint/-/json-bigint-1.0.0.tgz 0ms (cache hit)
593 http cache qs@https://registry.npmjs.org/qs/-/qs-6.14.1.tgz 0ms (cache hit)
594 http cache node-fetch@https://registry.npmjs.org/node-fetch/-/node-fetch-3.3.2.tgz 0ms (cache hit)
595 http cache https-proxy-agent@https://registry.npmjs.org/https-proxy-agent/-/https-proxy-agent-7.0.6.tgz 0ms (cache hit)
596 http cache extend@https://registry.npmjs.org/extend/-/extend-3.0.2.tgz 0ms (cache hit)
597 http cache safe-buffer@https://registry.npmjs.org/safe-buffer/-/safe-buffer-5.2.1.tgz 0ms (cache hit)
598 http cache jws@https://registry.npmjs.org/jws/-/jws-4.0.1.tgz 0ms (cache hit)
599 http cache rimraf@https://registry.npmjs.org/rimraf/-/rimraf-5.0.10.tgz 0ms (cache hit)
600 http cache google-logging-utils@https://registry.npmjs.org/google-logging-utils/-/google-logging-utils-1.1.3.tgz 0ms (cache hit)
601 http cache gtoken@https://registry.npmjs.org/gtoken/-/gtoken-8.0.0.tgz 0ms (cache hit)
602 http cache gcp-metadata@https://registry.npmjs.org/gcp-metadata/-/gcp-metadata-8.1.2.tgz 0ms (cache hit)
603 http cache gaxios@https://registry.npmjs.org/gaxios/-/gaxios-7.1.3.tgz 0ms (cache hit)
604 http cache ecdsa-sig-formatter@https://registry.npmjs.org/ecdsa-sig-formatter/-/ecdsa-sig-formatter-1.0.11.tgz 0ms (cache hit)
605 http cache base64-js@https://registry.npmjs.org/base64-js/-/base64-js-1.5.1.tgz 0ms (cache hit)
606 http cache googleapis-common@https://registry.npmjs.org/googleapis-common/-/googleapis-common-8.0.1.tgz 0ms (cache hit)
607 http cache google-auth-library@https://registry.npmjs.org/google-auth-library/-/google-auth-library-10.5.0.tgz 0ms (cache hit)
608 http cache googleapis@https://registry.npmjs.org/googleapis/-/googleapis-171.0.0.tgz 0ms (cache hit)
609 http cache @emnapi/runtime@https://registry.npmjs.org/@emnapi/runtime/-/runtime-1.8.1.tgz 0ms (cache hit)
610 http cache emoji-regex@https://registry.npmjs.org/emoji-regex/-/emoji-regex-8.0.0.tgz 0ms (cache hit)
611 http cache strip-ansi@https://registry.npmjs.org/strip-ansi/-/strip-ansi-6.0.1.tgz 0ms (cache hit)
612 http cache ansi-styles@https://registry.npmjs.org/ansi-styles/-/ansi-styles-4.3.0.tgz 0ms (cache hit)
613 http cache ansi-regex@https://registry.npmjs.org/ansi-regex/-/ansi-regex-5.0.1.tgz 0ms (cache hit)
614 http cache ansi-regex@https://registry.npmjs.org/ansi-regex/-/ansi-regex-5.0.1.tgz 0ms (cache hit)
615 http cache ansi-regex@https://registry.npmjs.org/ansi-regex/-/ansi-regex-5.0.1.tgz 0ms (cache hit)
616 http cache strip-ansi@https://registry.npmjs.org/strip-ansi/-/strip-ansi-6.0.1.tgz 0ms (cache hit)
617 http cache string-width@https://registry.npmjs.org/string-width/-/string-width-4.2.3.tgz 0ms (cache hit)
618 http cache emoji-regex@https://registry.npmjs.org/emoji-regex/-/emoji-regex-8.0.0.tgz 0ms (cache hit)
619 silly tarball no local data for color-name@https://registry.npmjs.org/color-name/-/color-name-1.1.4.tgz. Extracting by manifest.
620 silly tarball no local data for isexe@https://registry.npmjs.org/isexe/-/isexe-2.0.0.tgz. Extracting by manifest.
621 silly tarball no local data for color-convert@https://registry.npmjs.org/color-convert/-/color-convert-2.0.1.tgz. Extracting by manifest.
622 silly tarball no local data for ansi-styles@https://registry.npmjs.org/ansi-styles/-/ansi-styles-6.2.3.tgz. Extracting by manifest.
623 silly tarball no local data for ansi-regex@https://registry.npmjs.org/ansi-regex/-/ansi-regex-6.2.2.tgz. Extracting by manifest.
624 silly tarball no local data for emoji-regex@https://registry.npmjs.org/emoji-regex/-/emoji-regex-9.2.2.tgz. Extracting by manifest.
625 silly tarball no local data for dunder-proto@https://registry.npmjs.org/dunder-proto/-/dunder-proto-1.0.1.tgz. Extracting by manifest.
626 silly tarball no local data for is-fullwidth-code-point@https://registry.npmjs.org/is-fullwidth-code-point/-/is-fullwidth-code-point-3.0.0.tgz. Extracting by manifest.
627 silly tarball no local data for math-intrinsics@https://registry.npmjs.org/math-intrinsics/-/math-intrinsics-1.1.0.tgz. Extracting by manifest.
628 silly tarball no local data for eastasianwidth@https://registry.npmjs.org/eastasianwidth/-/eastasianwidth-0.2.0.tgz. Extracting by manifest.
629 silly tarball no local data for has-symbols@https://registry.npmjs.org/has-symbols/-/has-symbols-1.1.0.tgz. Extracting by manifest.
630 silly tarball no local data for hasown@https://registry.npmjs.org/hasown/-/hasown-2.0.2.tgz. Extracting by manifest.
631 silly tarball no local data for gopd@https://registry.npmjs.org/gopd/-/gopd-1.2.0.tgz. Extracting by manifest.
632 silly tarball no local data for get-proto@https://registry.npmjs.org/get-proto/-/get-proto-1.0.1.tgz. Extracting by manifest.
633 silly tarball no local data for es-object-atoms@https://registry.npmjs.org/es-object-atoms/-/es-object-atoms-1.1.1.tgz. Extracting by manifest.
634 silly tarball no local data for es-define-property@https://registry.npmjs.org/es-define-property/-/es-define-property-1.0.1.tgz. Extracting by manifest.
635 silly tarball no local data for function-bind@https://registry.npmjs.org/function-bind/-/function-bind-1.1.2.tgz. Extracting by manifest.
636 silly tarball no local data for call-bind-apply-helpers@https://registry.npmjs.org/call-bind-apply-helpers/-/call-bind-apply-helpers-1.0.2.tgz. Extracting by manifest.
637 silly tarball no local data for get-intrinsic@https://registry.npmjs.org/get-intrinsic/-/get-intrinsic-1.3.0.tgz. Extracting by manifest.
638 silly tarball no local data for call-bound@https://registry.npmjs.org/call-bound/-/call-bound-1.0.4.tgz. Extracting by manifest.
639 silly tarball no local data for side-channel-weakmap@https://registry.npmjs.org/side-channel-weakmap/-/side-channel-weakmap-1.0.2.tgz. Extracting by manifest.
640 silly tarball no local data for side-channel-map@https://registry.npmjs.org/side-channel-map/-/side-channel-map-1.0.1.tgz. Extracting by manifest.
641 silly tarball no local data for side-channel-list@https://registry.npmjs.org/side-channel-list/-/side-channel-list-1.0.0.tgz. Extracting by manifest.
642 silly tarball no local data for es-errors@https://registry.npmjs.org/es-errors/-/es-errors-1.3.0.tgz. Extracting by manifest.
643 silly tarball no local data for lru-cache@https://registry.npmjs.org/lru-cache/-/lru-cache-10.4.3.tgz. Extracting by manifest.
644 silly tarball no local data for object-inspect@https://registry.npmjs.org/object-inspect/-/object-inspect-1.13.4.tgz. Extracting by manifest.
645 silly tarball no local data for balanced-match@https://registry.npmjs.org/balanced-match/-/balanced-match-1.0.2.tgz. Extracting by manifest.
646 silly tarball no local data for brace-expansion@https://registry.npmjs.org/brace-expansion/-/brace-expansion-2.0.2.tgz. Extracting by manifest.
647 silly tarball no local data for wrap-ansi-cjs@https://registry.npmjs.org/wrap-ansi/-/wrap-ansi-7.0.0.tgz. Extracting by manifest.
648 silly tarball no local data for shebang-regex@https://registry.npmjs.org/shebang-regex/-/shebang-regex-3.0.0.tgz. Extracting by manifest.
649 silly tarball no local data for wrap-ansi@https://registry.npmjs.org/wrap-ansi/-/wrap-ansi-8.1.0.tgz. Extracting by manifest.
650 silly tarball no local data for strip-ansi-cjs@https://registry.npmjs.org/strip-ansi/-/strip-ansi-6.0.1.tgz. Extracting by manifest.
651 silly tarball no local data for strip-ansi@https://registry.npmjs.org/strip-ansi/-/strip-ansi-7.1.2.tgz. Extracting by manifest.
652 silly tarball no local data for string-width-cjs@https://registry.npmjs.org/string-width/-/string-width-4.2.3.tgz. Extracting by manifest.
653 silly tarball no local data for @pkgjs/parseargs@https://registry.npmjs.org/@pkgjs/parseargs/-/parseargs-0.11.0.tgz. Extracting by manifest.
654 silly tarball no local data for string-width@https://registry.npmjs.org/string-width/-/string-width-5.1.2.tgz. Extracting by manifest.
655 silly tarball no local data for @isaacs/cliui@https://registry.npmjs.org/@isaacs/cliui/-/cliui-8.0.2.tgz. Extracting by manifest.
656 silly tarball no local data for which@https://registry.npmjs.org/which/-/which-2.0.2.tgz. Extracting by manifest.
657 silly tarball no local data for shebang-command@https://registry.npmjs.org/shebang-command/-/shebang-command-2.0.0.tgz. Extracting by manifest.
658 silly tarball no local data for path-key@https://registry.npmjs.org/path-key/-/path-key-3.1.1.tgz. Extracting by manifest.
659 silly tarball no local data for cross-spawn@https://registry.npmjs.org/cross-spawn/-/cross-spawn-7.0.6.tgz. Extracting by manifest.
660 silly tarball no local data for path-scurry@https://registry.npmjs.org/path-scurry/-/path-scurry-1.11.1.tgz. Extracting by manifest.
661 silly tarball no local data for package-json-from-dist@https://registry.npmjs.org/package-json-from-dist/-/package-json-from-dist-1.0.1.tgz. Extracting by manifest.
662 silly tarball no local data for signal-exit@https://registry.npmjs.org/signal-exit/-/signal-exit-4.1.0.tgz. Extracting by manifest.
663 silly tarball no local data for minipass@https://registry.npmjs.org/minipass/-/minipass-7.1.2.tgz. Extracting by manifest.
664 silly tarball no local data for jackspeak@https://registry.npmjs.org/jackspeak/-/jackspeak-3.4.3.tgz. Extracting by manifest.
665 silly tarball no local data for foreground-child@https://registry.npmjs.org/foreground-child/-/foreground-child-3.3.1.tgz. Extracting by manifest.
666 silly tarball no local data for minimatch@https://registry.npmjs.org/minimatch/-/minimatch-9.0.5.tgz. Extracting by manifest.
667 silly tarball no local data for glob@https://registry.npmjs.org/glob/-/glob-10.5.0.tgz. Extracting by manifest.
668 silly tarball no local data for side-channel@https://registry.npmjs.org/side-channel/-/side-channel-1.1.0.tgz. Extracting by manifest.
669 silly tarball no local data for web-streams-polyfill@https://registry.npmjs.org/web-streams-polyfill/-/web-streams-polyfill-3.3.3.tgz. Extracting by manifest.
670 silly tarball no local data for node-domexception@https://registry.npmjs.org/node-domexception/-/node-domexception-1.0.0.tgz. Extracting by manifest.
671 silly tarball no local data for formdata-polyfill@https://registry.npmjs.org/formdata-polyfill/-/formdata-polyfill-4.0.10.tgz. Extracting by manifest.
672 silly tarball no local data for data-uri-to-buffer@https://registry.npmjs.org/data-uri-to-buffer/-/data-uri-to-buffer-4.0.1.tgz. Extracting by manifest.
673 silly tarball no local data for jwa@https://registry.npmjs.org/jwa/-/jwa-2.0.1.tgz. Extracting by manifest.
674 silly tarball no local data for fetch-blob@https://registry.npmjs.org/fetch-blob/-/fetch-blob-3.2.0.tgz. Extracting by manifest.
675 silly tarball no local data for buffer-equal-constant-time@https://registry.npmjs.org/buffer-equal-constant-time/-/buffer-equal-constant-time-1.0.1.tgz. Extracting by manifest.
676 silly tarball no local data for bignumber.js@https://registry.npmjs.org/bignumber.js/-/bignumber.js-9.3.1.tgz. Extracting by manifest.
677 silly tarball no local data for debug@https://registry.npmjs.org/debug/-/debug-4.4.3.tgz. Extracting by manifest.
678 silly tarball no local data for agent-base@https://registry.npmjs.org/agent-base/-/agent-base-7.1.4.tgz. Extracting by manifest.
679 silly tarball no local data for url-template@https://registry.npmjs.org/url-template/-/url-template-2.0.8.tgz. Extracting by manifest.
680 silly tarball no local data for ms@https://registry.npmjs.org/ms/-/ms-2.1.3.tgz. Extracting by manifest.
681 silly tarball no local data for json-bigint@https://registry.npmjs.org/json-bigint/-/json-bigint-1.0.0.tgz. Extracting by manifest.
682 silly tarball no local data for qs@https://registry.npmjs.org/qs/-/qs-6.14.1.tgz. Extracting by manifest.
683 silly tarball no local data for node-fetch@https://registry.npmjs.org/node-fetch/-/node-fetch-3.3.2.tgz. Extracting by manifest.
684 silly tarball no local data for https-proxy-agent@https://registry.npmjs.org/https-proxy-agent/-/https-proxy-agent-7.0.6.tgz. Extracting by manifest.
685 silly tarball no local data for extend@https://registry.npmjs.org/extend/-/extend-3.0.2.tgz. Extracting by manifest.
686 silly tarball no local data for safe-buffer@https://registry.npmjs.org/safe-buffer/-/safe-buffer-5.2.1.tgz. Extracting by manifest.
687 silly tarball no local data for jws@https://registry.npmjs.org/jws/-/jws-4.0.1.tgz. Extracting by manifest.
688 silly tarball no local data for rimraf@https://registry.npmjs.org/rimraf/-/rimraf-5.0.10.tgz. Extracting by manifest.
689 silly tarball no local data for google-logging-utils@https://registry.npmjs.org/google-logging-utils/-/google-logging-utils-1.1.3.tgz. Extracting by manifest.
690 silly tarball no local data for gtoken@https://registry.npmjs.org/gtoken/-/gtoken-8.0.0.tgz. Extracting by manifest.
691 silly tarball no local data for gcp-metadata@https://registry.npmjs.org/gcp-metadata/-/gcp-metadata-8.1.2.tgz. Extracting by manifest.
692 silly tarball no local data for gaxios@https://registry.npmjs.org/gaxios/-/gaxios-7.1.3.tgz. Extracting by manifest.
693 silly tarball no local data for ecdsa-sig-formatter@https://registry.npmjs.org/ecdsa-sig-formatter/-/ecdsa-sig-formatter-1.0.11.tgz. Extracting by manifest.
694 silly tarball no local data for base64-js@https://registry.npmjs.org/base64-js/-/base64-js-1.5.1.tgz. Extracting by manifest.
695 silly tarball no local data for googleapis-common@https://registry.npmjs.org/googleapis-common/-/googleapis-common-8.0.1.tgz. Extracting by manifest.
696 silly tarball no local data for google-auth-library@https://registry.npmjs.org/google-auth-library/-/google-auth-library-10.5.0.tgz. Extracting by manifest.
697 silly tarball no local data for googleapis@https://registry.npmjs.org/googleapis/-/googleapis-171.0.0.tgz. Extracting by manifest.
698 silly tarball no local data for @emnapi/runtime@https://registry.npmjs.org/@emnapi/runtime/-/runtime-1.8.1.tgz. Extracting by manifest.
699 silly tarball no local data for emoji-regex@https://registry.npmjs.org/emoji-regex/-/emoji-regex-8.0.0.tgz. Extracting by manifest.
700 silly tarball no local data for strip-ansi@https://registry.npmjs.org/strip-ansi/-/strip-ansi-6.0.1.tgz. Extracting by manifest.
701 silly tarball no local data for ansi-styles@https://registry.npmjs.org/ansi-styles/-/ansi-styles-4.3.0.tgz. Extracting by manifest.
702 silly tarball no local data for ansi-regex@https://registry.npmjs.org/ansi-regex/-/ansi-regex-5.0.1.tgz. Extracting by manifest.
703 silly tarball no local data for ansi-regex@https://registry.npmjs.org/ansi-regex/-/ansi-regex-5.0.1.tgz. Extracting by manifest.
704 silly tarball no local data for ansi-regex@https://registry.npmjs.org/ansi-regex/-/ansi-regex-5.0.1.tgz. Extracting by manifest.
705 silly tarball no local data for strip-ansi@https://registry.npmjs.org/strip-ansi/-/strip-ansi-6.0.1.tgz. Extracting by manifest.
706 silly tarball no local data for string-width@https://registry.npmjs.org/string-width/-/string-width-4.2.3.tgz. Extracting by manifest.
707 silly tarball no local data for emoji-regex@https://registry.npmjs.org/emoji-regex/-/emoji-regex-8.0.0.tgz. Extracting by manifest.
708 http fetch GET 200 https://registry.npmjs.org/eastasianwidth/-/eastasianwidth-0.2.0.tgz 43ms (cache miss)
709 http fetch GET 200 https://registry.npmjs.org/dunder-proto/-/dunder-proto-1.0.1.tgz 43ms (cache miss)
710 http fetch GET 200 https://registry.npmjs.org/ansi-styles/-/ansi-styles-6.2.3.tgz 43ms (cache miss)
711 http fetch GET 200 https://registry.npmjs.org/color-name/-/color-name-1.1.4.tgz 44ms (cache miss)
712 http fetch GET 200 https://registry.npmjs.org/ansi-regex/-/ansi-regex-6.2.2.tgz 44ms (cache miss)
713 http fetch GET 200 https://registry.npmjs.org/color-convert/-/color-convert-2.0.1.tgz 45ms (cache miss)
714 http fetch GET 200 https://registry.npmjs.org/isexe/-/isexe-2.0.0.tgz 45ms (cache miss)
715 http fetch GET 200 https://registry.npmjs.org/is-fullwidth-code-point/-/is-fullwidth-code-point-3.0.0.tgz 45ms (cache miss)
716 http fetch GET 200 https://registry.npmjs.org/emoji-regex/-/emoji-regex-9.2.2.tgz 46ms (cache miss)
717 http fetch GET 200 https://registry.npmjs.org/math-intrinsics/-/math-intrinsics-1.1.0.tgz 47ms (cache miss)
718 http fetch GET 200 https://registry.npmjs.org/es-object-atoms/-/es-object-atoms-1.1.1.tgz 48ms (cache miss)
719 http fetch GET 200 https://registry.npmjs.org/function-bind/-/function-bind-1.1.2.tgz 53ms (cache miss)
720 http fetch GET 200 https://registry.npmjs.org/side-channel-weakmap/-/side-channel-weakmap-1.0.2.tgz 64ms (cache miss)
721 http fetch GET 200 https://registry.npmjs.org/side-channel-map/-/side-channel-map-1.0.1.tgz 66ms (cache miss)
722 http fetch GET 200 https://registry.npmjs.org/call-bound/-/call-bound-1.0.4.tgz 66ms (cache miss)
723 http fetch GET 200 https://registry.npmjs.org/es-define-property/-/es-define-property-1.0.1.tgz 66ms (cache miss)
724 http fetch GET 200 https://registry.npmjs.org/hasown/-/hasown-2.0.2.tgz 68ms (cache miss)
725 http fetch GET 200 https://registry.npmjs.org/get-intrinsic/-/get-intrinsic-1.3.0.tgz 67ms (cache miss)
726 http fetch GET 200 https://registry.npmjs.org/gopd/-/gopd-1.2.0.tgz 67ms (cache miss)
727 http fetch GET 200 https://registry.npmjs.org/side-channel-list/-/side-channel-list-1.0.0.tgz 67ms (cache miss)
728 http fetch GET 200 https://registry.npmjs.org/call-bind-apply-helpers/-/call-bind-apply-helpers-1.0.2.tgz 67ms (cache miss)
729 http fetch GET 200 https://registry.npmjs.org/has-symbols/-/has-symbols-1.1.0.tgz 71ms (cache miss)
730 http fetch GET 200 https://registry.npmjs.org/get-proto/-/get-proto-1.0.1.tgz 71ms (cache miss)
731 http fetch GET 200 https://registry.npmjs.org/es-errors/-/es-errors-1.3.0.tgz 72ms (cache miss)
732 http fetch GET 200 https://registry.npmjs.org/balanced-match/-/balanced-match-1.0.2.tgz 91ms (cache miss)
733 http fetch GET 200 https://registry.npmjs.org/brace-expansion/-/brace-expansion-2.0.2.tgz 91ms (cache miss)
734 http fetch GET 200 https://registry.npmjs.org/strip-ansi/-/strip-ansi-6.0.1.tgz 91ms (cache miss)
735 http fetch GET 200 https://registry.npmjs.org/wrap-ansi/-/wrap-ansi-7.0.0.tgz 91ms (cache miss)
736 http fetch GET 200 https://registry.npmjs.org/wrap-ansi/-/wrap-ansi-8.1.0.tgz 91ms (cache miss)
737 http fetch GET 200 https://registry.npmjs.org/string-width/-/string-width-4.2.3.tgz 91ms (cache miss)
738 http fetch GET 200 https://registry.npmjs.org/shebang-regex/-/shebang-regex-3.0.0.tgz 91ms (cache miss)
739 http fetch GET 200 https://registry.npmjs.org/strip-ansi/-/strip-ansi-7.1.2.tgz 91ms (cache miss)
740 http fetch GET 200 https://registry.npmjs.org/lru-cache/-/lru-cache-10.4.3.tgz 93ms (cache miss)
741 http fetch POST 200 https://registry.npmjs.org/-/npm/v1/security/advisories/bulk 107ms
742 silly audit report {
742 silly audit report   next: [
742 silly audit report     {
742 silly audit report       id: 1112592,
742 silly audit report       url: 'https://github.com/advisories/GHSA-9g9p-9gw9-jx7f',
742 silly audit report       title: 'Next.js self-hosted applications vulnerable to DoS via Image Optimizer remotePatterns configuration',
742 silly audit report       severity: 'moderate',
742 silly audit report       vulnerable_versions: '>=15.6.0-canary.0 <16.1.5',
742 silly audit report       cwe: [Array],
742 silly audit report       cvss: [Object]
742 silly audit report     },
742 silly audit report     {
742 silly audit report       id: 1112637,
742 silly audit report       url: 'https://github.com/advisories/GHSA-5f7q-jpqc-wp7h',
742 silly audit report       title: 'Next.js has Unbounded Memory Consumption via PPR Resume Endpoint ',
742 silly audit report       severity: 'moderate',
742 silly audit report       vulnerable_versions: '>=16.0.0-beta.0 <16.1.5',
742 silly audit report       cwe: [Array],
742 silly audit report       cvss: [Object]
742 silly audit report     },
742 silly audit report     {
742 silly audit report       id: 1112645,
742 silly audit report       url: 'https://github.com/advisories/GHSA-h25m-26qc-wcjf',
742 silly audit report       title: 'Next.js HTTP request deserialization can lead to DoS when using insecure React Server Components',
742 silly audit report       severity: 'high',
742 silly audit report       vulnerable_versions: '>=16.1.0-canary.0 <16.1.5',
742 silly audit report       cwe: [Array],
742 silly audit report       cvss: [Object]
742 silly audit report     }
742 silly audit report   ]
742 silly audit report }
743 silly packumentCache corgi:https://registry.npmjs.org/next cache-miss
744 http fetch GET 200 https://registry.npmjs.org/object-inspect/-/object-inspect-1.13.4.tgz 97ms (cache miss)
745 http fetch GET 200 https://registry.npmjs.org/string-width/-/string-width-5.1.2.tgz 97ms (cache miss)
746 http fetch GET 200 https://registry.npmjs.org/@pkgjs/parseargs/-/parseargs-0.11.0.tgz 99ms (cache miss)
747 http fetch GET 200 https://registry.npmjs.org/shebang-command/-/shebang-command-2.0.0.tgz 102ms (cache miss)
748 http fetch GET 200 https://registry.npmjs.org/package-json-from-dist/-/package-json-from-dist-1.0.1.tgz 112ms (cache miss)
749 http fetch GET 200 https://registry.npmjs.org/which/-/which-2.0.2.tgz 113ms (cache miss)
750 http fetch GET 200 https://registry.npmjs.org/path-key/-/path-key-3.1.1.tgz 113ms (cache miss)
751 http fetch GET 200 https://registry.npmjs.org/cross-spawn/-/cross-spawn-7.0.6.tgz 114ms (cache miss)
752 http fetch GET 200 https://registry.npmjs.org/@isaacs/cliui/-/cliui-8.0.2.tgz 115ms (cache miss)
753 http fetch GET 200 https://registry.npmjs.org/signal-exit/-/signal-exit-4.1.0.tgz 118ms (cache miss)
754 http fetch GET 200 https://registry.npmjs.org/foreground-child/-/foreground-child-3.3.1.tgz 121ms (cache miss)
755 http fetch GET 200 https://registry.npmjs.org/jackspeak/-/jackspeak-3.4.3.tgz 124ms (cache miss)
756 http fetch GET 200 https://registry.npmjs.org/node-domexception/-/node-domexception-1.0.0.tgz 128ms (cache miss)
757 warn deprecated node-domexception@1.0.0: Use your platform's native DOMException instead
758 http fetch GET 200 https://registry.npmjs.org/side-channel/-/side-channel-1.1.0.tgz 141ms (cache miss)
759 http fetch GET 200 https://registry.npmjs.org/buffer-equal-constant-time/-/buffer-equal-constant-time-1.0.1.tgz 143ms (cache miss)
760 http fetch GET 200 https://registry.npmjs.org/formdata-polyfill/-/formdata-polyfill-4.0.10.tgz 143ms (cache miss)
761 http fetch GET 200 https://registry.npmjs.org/path-scurry/-/path-scurry-1.11.1.tgz 145ms (cache miss)
762 http fetch GET 200 https://registry.npmjs.org/jwa/-/jwa-2.0.1.tgz 145ms (cache miss)
763 http fetch GET 200 https://registry.npmjs.org/bignumber.js/-/bignumber.js-9.3.1.tgz 148ms (cache miss)
764 http fetch GET 200 https://registry.npmjs.org/minipass/-/minipass-7.1.2.tgz 150ms (cache miss)
765 http fetch GET 200 https://registry.npmjs.org/glob/-/glob-10.5.0.tgz 150ms (cache miss)
766 http fetch GET 200 https://registry.npmjs.org/minimatch/-/minimatch-9.0.5.tgz 150ms (cache miss)
767 http fetch GET 200 https://registry.npmjs.org/url-template/-/url-template-2.0.8.tgz 164ms (cache miss)
768 http fetch GET 200 https://registry.npmjs.org/debug/-/debug-4.4.3.tgz 164ms (cache miss)
769 http fetch GET 200 https://registry.npmjs.org/ms/-/ms-2.1.3.tgz 164ms (cache miss)
770 http fetch GET 200 https://registry.npmjs.org/data-uri-to-buffer/-/data-uri-to-buffer-4.0.1.tgz 166ms (cache miss)
771 http fetch GET 200 https://registry.npmjs.org/node-fetch/-/node-fetch-3.3.2.tgz 169ms (cache miss)
772 http fetch GET 200 https://registry.npmjs.org/safe-buffer/-/safe-buffer-5.2.1.tgz 174ms (cache miss)
773 http fetch GET 200 https://registry.npmjs.org/agent-base/-/agent-base-7.1.4.tgz 176ms (cache miss)
774 http fetch GET 200 https://registry.npmjs.org/extend/-/extend-3.0.2.tgz 176ms (cache miss)
775 http fetch GET 200 https://registry.npmjs.org/json-bigint/-/json-bigint-1.0.0.tgz 178ms (cache miss)
776 http fetch GET 200 https://registry.npmjs.org/https-proxy-agent/-/https-proxy-agent-7.0.6.tgz 180ms (cache miss)
777 http fetch GET 200 https://registry.npmjs.org/jws/-/jws-4.0.1.tgz 181ms (cache miss)
778 http fetch GET 200 https://registry.npmjs.org/qs/-/qs-6.14.1.tgz 181ms (cache miss)
779 http fetch GET 200 https://registry.npmjs.org/rimraf/-/rimraf-5.0.10.tgz 190ms (cache miss)
780 http fetch GET 200 https://registry.npmjs.org/gtoken/-/gtoken-8.0.0.tgz 194ms (cache miss)
781 http fetch GET 200 https://registry.npmjs.org/google-logging-utils/-/google-logging-utils-1.1.3.tgz 199ms (cache miss)
782 http fetch GET 200 https://registry.npmjs.org/gcp-metadata/-/gcp-metadata-8.1.2.tgz 201ms (cache miss)
783 http fetch GET 200 https://registry.npmjs.org/gaxios/-/gaxios-7.1.3.tgz 212ms (cache miss)
784 http fetch GET 200 https://registry.npmjs.org/base64-js/-/base64-js-1.5.1.tgz 224ms (cache miss)
785 http fetch GET 200 https://registry.npmjs.org/fetch-blob/-/fetch-blob-3.2.0.tgz 227ms (cache miss)
786 http fetch GET 200 https://registry.npmjs.org/emoji-regex/-/emoji-regex-8.0.0.tgz 226ms (cache miss)
787 http fetch GET 200 https://registry.npmjs.org/ansi-styles/-/ansi-styles-4.3.0.tgz 227ms (cache miss)
788 http fetch GET 200 https://registry.npmjs.org/strip-ansi/-/strip-ansi-6.0.1.tgz 228ms (cache miss)
789 http fetch GET 200 https://registry.npmjs.org/googleapis-common/-/googleapis-common-8.0.1.tgz 233ms (cache miss)
790 http fetch GET 200 https://registry.npmjs.org/ansi-regex/-/ansi-regex-5.0.1.tgz 241ms (cache miss)
791 http fetch GET 200 https://registry.npmjs.org/string-width/-/string-width-4.2.3.tgz 241ms (cache miss)
792 http fetch GET 200 https://registry.npmjs.org/strip-ansi/-/strip-ansi-6.0.1.tgz 242ms (cache miss)
793 http fetch GET 200 https://registry.npmjs.org/ansi-regex/-/ansi-regex-5.0.1.tgz 242ms (cache miss)
794 http fetch GET 200 https://registry.npmjs.org/ansi-regex/-/ansi-regex-5.0.1.tgz 242ms (cache miss)
795 http fetch GET 200 https://registry.npmjs.org/emoji-regex/-/emoji-regex-8.0.0.tgz 249ms (cache miss)
796 http fetch GET 200 https://registry.npmjs.org/ecdsa-sig-formatter/-/ecdsa-sig-formatter-1.0.11.tgz 267ms (cache miss)
797 http fetch GET 200 https://registry.npmjs.org/@emnapi/runtime/-/runtime-1.8.1.tgz 489ms (cache miss)
798 http fetch GET 200 https://registry.npmjs.org/google-auth-library/-/google-auth-library-10.5.0.tgz 515ms (cache miss)
799 http fetch GET 200 https://registry.npmjs.org/next 428ms (cache miss)
800 silly packumentCache corgi:https://registry.npmjs.org/next set size:undefined disposed:false
801 http fetch GET 200 https://registry.npmjs.org/web-streams-polyfill/-/web-streams-polyfill-3.3.3.tgz 726ms (cache miss)
802 http fetch GET 200 https://registry.npmjs.org/googleapis/-/googleapis-171.0.0.tgz 1448ms (cache miss)
803 silly ADD node_modules/color-name
804 silly ADD node_modules/color-convert
805 silly ADD node_modules/ansi-styles
806 silly ADD node_modules/isexe
807 silly ADD node_modules/ansi-regex
808 silly ADD node_modules/is-fullwidth-code-point
809 silly ADD node_modules/emoji-regex
810 silly ADD node_modules/eastasianwidth
811 silly ADD node_modules/dunder-proto
812 silly ADD node_modules/math-intrinsics
813 silly ADD node_modules/hasown
814 silly ADD node_modules/has-symbols
815 silly ADD node_modules/gopd
816 silly ADD node_modules/get-proto
817 silly ADD node_modules/es-object-atoms
818 silly ADD node_modules/es-define-property
819 silly ADD node_modules/function-bind
820 silly ADD node_modules/call-bind-apply-helpers
821 silly ADD node_modules/get-intrinsic
822 silly ADD node_modules/call-bound
823 silly ADD node_modules/side-channel-weakmap
824 silly ADD node_modules/side-channel-map
825 silly ADD node_modules/side-channel-list
826 silly ADD node_modules/object-inspect
827 silly ADD node_modules/es-errors
828 silly ADD node_modules/shebang-regex
829 silly ADD node_modules/lru-cache
830 silly ADD node_modules/balanced-match
831 silly ADD node_modules/brace-expansion
832 silly ADD node_modules/wrap-ansi-cjs
833 silly ADD node_modules/wrap-ansi-cjs/node_modules/ansi-regex
834 silly ADD node_modules/wrap-ansi-cjs/node_modules/emoji-regex
835 silly ADD node_modules/wrap-ansi-cjs/node_modules/strip-ansi
836 silly ADD node_modules/wrap-ansi-cjs/node_modules/string-width
837 silly ADD node_modules/wrap-ansi-cjs/node_modules/ansi-styles
838 silly ADD node_modules/wrap-ansi
839 silly ADD node_modules/strip-ansi-cjs
840 silly ADD node_modules/strip-ansi-cjs/node_modules/ansi-regex
841 silly ADD node_modules/strip-ansi
842 silly ADD node_modules/string-width-cjs
843 silly ADD node_modules/string-width-cjs/node_modules/ansi-regex
844 silly ADD node_modules/string-width-cjs/node_modules/strip-ansi
845 silly ADD node_modules/string-width-cjs/node_modules/emoji-regex
846 silly ADD node_modules/string-width
847 silly ADD node_modules/@pkgjs/parseargs
848 silly ADD node_modules/@isaacs/cliui
849 silly ADD node_modules/which
850 silly ADD node_modules/shebang-command
851 silly ADD node_modules/path-key
852 silly ADD node_modules/signal-exit
853 silly ADD node_modules/cross-spawn
854 silly ADD node_modules/path-scurry
855 silly ADD node_modules/package-json-from-dist
856 silly ADD node_modules/minipass
857 silly ADD node_modules/minimatch
858 silly ADD node_modules/jackspeak
859 silly ADD node_modules/foreground-child
860 silly ADD node_modules/glob
861 silly ADD node_modules/side-channel
862 silly ADD node_modules/web-streams-polyfill
863 silly ADD node_modules/node-domexception
864 silly ADD node_modules/formdata-polyfill
865 silly ADD node_modules/fetch-blob
866 silly ADD node_modules/data-uri-to-buffer
867 silly ADD node_modules/buffer-equal-constant-time
868 silly ADD node_modules/jwa
869 silly ADD node_modules/bignumber.js
870 silly ADD node_modules/ms
871 silly ADD node_modules/debug
872 silly ADD node_modules/agent-base
873 silly ADD node_modules/url-template
874 silly ADD node_modules/qs
875 silly ADD node_modules/json-bigint
876 silly ADD node_modules/rimraf
877 silly ADD node_modules/node-fetch
878 silly ADD node_modules/https-proxy-agent
879 silly ADD node_modules/extend
880 silly ADD node_modules/safe-buffer
881 silly ADD node_modules/jws
882 silly ADD node_modules/gtoken
883 silly ADD node_modules/google-logging-utils
884 silly ADD node_modules/gcp-metadata
885 silly ADD node_modules/gaxios
886 silly ADD node_modules/ecdsa-sig-formatter
887 silly ADD node_modules/base64-js
888 silly ADD node_modules/googleapis-common
889 silly ADD node_modules/google-auth-library
890 silly ADD node_modules/googleapis
891 silly ADD
892 silly ADD
893 silly ADD
894 silly ADD
895 silly ADD
896 silly ADD
897 silly ADD
898 silly ADD
899 silly ADD
900 silly ADD
901 silly ADD
902 silly ADD
903 silly ADD
904 silly ADD
905 silly ADD
906 silly ADD
907 silly ADD
908 silly ADD
909 silly ADD
910 silly ADD
911 silly ADD
912 silly ADD
913 silly ADD
914 silly ADD
915 silly ADD
916 silly ADD
917 silly ADD
918 silly ADD
919 silly ADD
920 silly ADD
921 verbose cwd /Users/sanjithudupa/Documents/Code/MIT/zbt/midnights/midnights_web
922 verbose os Darwin 24.6.0
923 verbose node v23.11.0
924 verbose npm  v10.9.2
925 notice
925 notice New major version of npm available! 10.9.2 -> 11.8.0
925 notice Changelog: https://github.com/npm/cli/releases/tag/v11.8.0
925 notice To update run: npm install -g npm@11.8.0
925 notice  { force: true, [Symbol(proc-log.meta)]: true }
926 verbose exit 0
927 info ok
