0 verbose cli /opt/homebrew/Cellar/node@24/24.13.0/bin/node /opt/homebrew/bin/npm
1 info using npm@11.6.2
2 info using node@v24.13.0
3 silly config load:file:/opt/homebrew/Cellar/node@24/24.13.0/lib/node_modules/npm/npmrc
4 silly config load:file:/Users/sanjithudupa/Documents/Code/MIT/zbt/midnights/midnights_web/.npmrc
5 silly config load:file:/Users/sanjithudupa/.npmrc
6 silly config load:file:/opt/homebrew/etc/npmrc
7 verbose title npm install googleapis
8 verbose argv "install" "googleapis" "--cache" "./.npm-cache"
9 verbose logfile logs-max:10 dir:/Users/sanjithudupa/Documents/Code/MIT/zbt/midnights/midnights_web/.npm-cache/_logs/2026-02-20T20_39_05_366Z-
10 verbose logfile /Users/sanjithudupa/Documents/Code/MIT/zbt/midnights/midnights_web/.npm-cache/_logs/2026-02-20T20_39_05_366Z-debug-0.log
11 silly logfile done cleaning log files
12 silly packumentCache heap:4496293888 maxSize:1124073472 maxEntrySize:562036736
13 silly idealTree buildDeps
14 silly fetch manifest googleapis@*
15 silly packumentCache full:https://registry.npmjs.org/googleapis cache-miss
16 http fetch GET 200 https://registry.npmjs.org/googleapis 124ms (cache miss)
17 silly packumentCache full:https://registry.npmjs.org/googleapis set size:undefined disposed:false
18 silly placeDep ROOT googleapis@171.4.0 OK for: midnights_web@0.1.0 want: *
19 silly fetch manifest google-auth-library@^10.2.0
20 silly packumentCache full:https://registry.npmjs.org/google-auth-library cache-miss
21 silly fetch manifest googleapis-common@^8.0.0
22 silly packumentCache full:https://registry.npmjs.org/googleapis-common cache-miss
23 http fetch GET 200 https://registry.npmjs.org/npm 162ms
24 http fetch GET 200 https://registry.npmjs.org/google-auth-library 47ms (cache miss)
25 silly packumentCache full:https://registry.npmjs.org/google-auth-library set size:undefined disposed:false
26 http fetch GET 200 https://registry.npmjs.org/googleapis-common 88ms (cache miss)
27 silly packumentCache full:https://registry.npmjs.org/googleapis-common set size:undefined disposed:false
28 silly placeDep ROOT google-auth-library@10.5.0 OK for: googleapis@171.4.0 want: ^10.2.0
29 silly placeDep ROOT googleapis-common@8.0.1 OK for: googleapis@171.4.0 want: ^8.0.0
30 silly fetch manifest base64-js@^1.3.0
31 silly packumentCache full:https://registry.npmjs.org/base64-js cache-miss
32 silly fetch manifest ecdsa-sig-formatter@^1.0.11
33 silly packumentCache full:https://registry.npmjs.org/ecdsa-sig-formatter cache-miss
34 silly fetch manifest gaxios@^7.0.0
35 silly packumentCache full:https://registry.npmjs.org/gaxios cache-miss
36 silly fetch manifest gcp-metadata@^8.0.0
37 silly packumentCache full:https://registry.npmjs.org/gcp-metadata cache-miss
38 silly fetch manifest google-logging-utils@^1.0.0
39 silly packumentCache full:https://registry.npmjs.org/google-logging-utils cache-miss
40 silly fetch manifest gtoken@^8.0.0
41 silly packumentCache full:https://registry.npmjs.org/gtoken cache-miss
42 silly fetch manifest jws@^4.0.0
43 silly packumentCache full:https://registry.npmjs.org/jws cache-miss
44 silly fetch manifest extend@^3.0.2
45 silly packumentCache full:https://registry.npmjs.org/extend cache-miss
46 silly fetch manifest gaxios@^7.0.0-rc.4
47 silly packumentCache full:https://registry.npmjs.org/gaxios cache-miss
48 silly fetch manifest qs@^6.7.0
49 silly packumentCache full:https://registry.npmjs.org/qs cache-miss
50 silly fetch manifest url-template@^2.0.8
51 silly packumentCache full:https://registry.npmjs.org/url-template cache-miss
52 http fetch GET 200 https://registry.npmjs.org/ecdsa-sig-formatter 37ms (cache miss)
53 silly packumentCache full:https://registry.npmjs.org/ecdsa-sig-formatter set size:undefined disposed:false
54 http fetch GET 200 https://registry.npmjs.org/base64-js 47ms (cache miss)
55 silly packumentCache full:https://registry.npmjs.org/base64-js set size:undefined disposed:false
56 http fetch GET 200 https://registry.npmjs.org/gaxios 48ms (cache miss)
57 silly packumentCache full:https://registry.npmjs.org/gaxios set size:undefined disposed:false
58 http fetch GET 200 https://registry.npmjs.org/google-logging-utils 77ms (cache miss)
59 silly packumentCache full:https://registry.npmjs.org/google-logging-utils set size:undefined disposed:false
60 http fetch GET 200 https://registry.npmjs.org/gtoken 87ms (cache miss)
61 silly packumentCache full:https://registry.npmjs.org/gtoken set size:undefined disposed:false
62 http fetch GET 200 https://registry.npmjs.org/extend 93ms (cache miss)
63 silly packumentCache full:https://registry.npmjs.org/extend set size:undefined disposed:false
64 http fetch GET 200 https://registry.npmjs.org/jws 94ms (cache miss)
65 silly packumentCache full:https://registry.npmjs.org/jws set size:undefined disposed:false
66 http fetch GET 200 https://registry.npmjs.org/url-template 94ms (cache miss)
67 silly packumentCache full:https://registry.npmjs.org/url-template set size:undefined disposed:false
68 http fetch GET 200 https://registry.npmjs.org/gcp-metadata 98ms (cache miss)
69 silly packumentCache full:https://registry.npmjs.org/gcp-metadata set size:undefined disposed:false
70 http fetch GET 200 https://registry.npmjs.org/gaxios 102ms (cache miss)
71 silly packumentCache full:https://registry.npmjs.org/gaxios set size:undefined disposed:false
72 http fetch GET 200 https://registry.npmjs.org/qs 108ms (cache miss)
73 silly packumentCache full:https://registry.npmjs.org/qs set size:undefined disposed:false
74 silly placeDep ROOT base64-js@1.5.1 OK for: google-auth-library@10.5.0 want: ^1.3.0
75 silly placeDep ROOT ecdsa-sig-formatter@1.0.11 OK for: google-auth-library@10.5.0 want: ^1.0.11
76 silly placeDep ROOT gaxios@7.1.3 OK for: google-auth-library@10.5.0 want: ^7.0.0
77 silly placeDep ROOT gcp-metadata@8.1.2 OK for: google-auth-library@10.5.0 want: ^8.0.0
78 silly placeDep ROOT google-logging-utils@1.1.3 OK for: google-auth-library@10.5.0 want: ^1.0.0
79 silly placeDep ROOT gtoken@8.0.0 OK for: google-auth-library@10.5.0 want: ^8.0.0
80 silly placeDep ROOT jws@4.0.1 OK for: google-auth-library@10.5.0 want: ^4.0.0
81 silly fetch manifest safe-buffer@^5.0.1
82 silly packumentCache full:https://registry.npmjs.org/safe-buffer cache-miss
83 silly fetch manifest https-proxy-agent@^7.0.1
84 silly packumentCache full:https://registry.npmjs.org/https-proxy-agent cache-miss
85 silly fetch manifest node-fetch@^3.3.2
86 silly packumentCache full:https://registry.npmjs.org/node-fetch cache-miss
87 silly fetch manifest rimraf@^5.0.1
88 silly packumentCache full:https://registry.npmjs.org/rimraf cache-miss
89 silly fetch manifest json-bigint@^1.0.0
90 silly packumentCache full:https://registry.npmjs.org/json-bigint cache-miss
91 silly fetch manifest jwa@^2.0.1
92 silly packumentCache full:https://registry.npmjs.org/jwa cache-miss
93 silly fetch manifest safe-buffer@^5.0.1
94 silly packumentCache full:https://registry.npmjs.org/safe-buffer cache-miss
95 http fetch GET 200 https://registry.npmjs.org/safe-buffer 31ms (cache miss)
96 silly packumentCache full:https://registry.npmjs.org/safe-buffer set size:undefined disposed:false
97 http fetch GET 200 https://registry.npmjs.org/safe-buffer 32ms (cache miss)
98 silly packumentCache full:https://registry.npmjs.org/safe-buffer set size:undefined disposed:false
99 http fetch GET 200 https://registry.npmjs.org/https-proxy-agent 38ms (cache miss)
100 silly packumentCache full:https://registry.npmjs.org/https-proxy-agent set size:undefined disposed:false
101 http fetch GET 200 https://registry.npmjs.org/jwa 39ms (cache miss)
102 silly packumentCache full:https://registry.npmjs.org/jwa set size:undefined disposed:false
103 http fetch GET 200 https://registry.npmjs.org/rimraf 41ms (cache miss)
104 silly packumentCache full:https://registry.npmjs.org/rimraf set size:undefined disposed:false
105 http fetch GET 200 https://registry.npmjs.org/json-bigint 50ms (cache miss)
106 silly packumentCache full:https://registry.npmjs.org/json-bigint set size:undefined disposed:false
107 http fetch GET 200 https://registry.npmjs.org/node-fetch 51ms (cache miss)
108 silly packumentCache full:https://registry.npmjs.org/node-fetch set size:undefined disposed:false
109 silly placeDep ROOT safe-buffer@5.2.1 OK for: ecdsa-sig-formatter@1.0.11 want: ^5.0.1
110 silly placeDep ROOT extend@3.0.2 OK for: gaxios@7.1.3 want: ^3.0.2
111 silly placeDep ROOT https-proxy-agent@7.0.6 OK for: gaxios@7.1.3 want: ^7.0.1
112 silly placeDep ROOT node-fetch@3.3.2 OK for: gaxios@7.1.3 want: ^3.3.2
113 silly placeDep ROOT rimraf@5.0.10 OK for: gaxios@7.1.3 want: ^5.0.1
114 silly fetch manifest debug@4
115 silly packumentCache full:https://registry.npmjs.org/debug cache-miss
116 silly fetch manifest agent-base@^7.1.2
117 silly packumentCache full:https://registry.npmjs.org/agent-base cache-miss
118 silly fetch manifest data-uri-to-buffer@^4.0.0
119 silly packumentCache full:https://registry.npmjs.org/data-uri-to-buffer cache-miss
120 silly fetch manifest fetch-blob@^3.1.4
121 silly packumentCache full:https://registry.npmjs.org/fetch-blob cache-miss
122 silly fetch manifest formdata-polyfill@^4.0.10
123 silly packumentCache full:https://registry.npmjs.org/formdata-polyfill cache-miss
124 silly fetch manifest glob@^10.3.7
125 silly packumentCache full:https://registry.npmjs.org/glob cache-miss
126 http fetch GET 200 https://registry.npmjs.org/fetch-blob 34ms (cache miss)
127 silly packumentCache full:https://registry.npmjs.org/fetch-blob set size:undefined disposed:false
128 http fetch GET 200 https://registry.npmjs.org/glob 40ms (cache miss)
129 silly packumentCache full:https://registry.npmjs.org/glob set size:undefined disposed:false
130 http fetch GET 200 https://registry.npmjs.org/debug 46ms (cache miss)
131 silly packumentCache full:https://registry.npmjs.org/debug set size:undefined disposed:false
132 http fetch GET 200 https://registry.npmjs.org/data-uri-to-buffer 48ms (cache miss)
133 silly packumentCache full:https://registry.npmjs.org/data-uri-to-buffer set size:undefined disposed:false
134 http fetch GET 200 https://registry.npmjs.org/formdata-polyfill 49ms (cache miss)
135 silly packumentCache full:https://registry.npmjs.org/formdata-polyfill set size:undefined disposed:false
136 http fetch GET 200 https://registry.npmjs.org/agent-base 143ms (cache miss)
137 silly packumentCache full:https://registry.npmjs.org/agent-base set size:undefined disposed:false
138 silly placeDep ROOT json-bigint@1.0.0 OK for: gcp-metadata@8.1.2 want: ^1.0.0
139 silly fetch manifest bignumber.js@^9.0.0
140 silly packumentCache full:https://registry.npmjs.org/bignumber.js cache-miss
141 http fetch GET 200 https://registry.npmjs.org/bignumber.js 37ms (cache miss)
142 silly packumentCache full:https://registry.npmjs.org/bignumber.js set size:undefined disposed:false
143 silly placeDep ROOT qs@6.15.0 OK for: googleapis-common@8.0.1 want: ^6.7.0
144 silly placeDep ROOT url-template@2.0.8 OK for: googleapis-common@8.0.1 want: ^2.0.8
145 silly fetch manifest side-channel@^1.1.0
146 silly packumentCache full:https://registry.npmjs.org/side-channel cache-miss
147 http fetch GET 200 https://registry.npmjs.org/side-channel 42ms (cache miss)
148 silly packumentCache full:https://registry.npmjs.org/side-channel set size:undefined disposed:false
149 silly placeDep ROOT agent-base@7.1.4 OK for: https-proxy-agent@7.0.6 want: ^7.1.2
150 silly placeDep ROOT debug@4.4.3 OK for: https-proxy-agent@7.0.6 want: 4
151 silly fetch manifest ms@^2.1.3
152 silly packumentCache full:https://registry.npmjs.org/ms cache-miss
153 http fetch GET 200 https://registry.npmjs.org/ms 137ms (cache miss)
154 silly packumentCache full:https://registry.npmjs.org/ms set size:undefined disposed:false
155 silly placeDep ROOT ms@2.1.3 OK for: debug@4.4.3 want: ^2.1.3
156 silly placeDep ROOT bignumber.js@9.3.1 OK for: json-bigint@1.0.0 want: ^9.0.0
157 silly placeDep ROOT jwa@2.0.1 OK for: jws@4.0.1 want: ^2.0.1
158 silly fetch manifest buffer-equal-constant-time@^1.0.1
159 silly packumentCache full:https://registry.npmjs.org/buffer-equal-constant-time cache-miss
160 http fetch GET 200 https://registry.npmjs.org/buffer-equal-constant-time 44ms (cache miss)
161 silly packumentCache full:https://registry.npmjs.org/buffer-equal-constant-time set size:undefined disposed:false
162 silly placeDep ROOT buffer-equal-constant-time@1.0.1 OK for: jwa@2.0.1 want: ^1.0.1
163 silly placeDep ROOT data-uri-to-buffer@4.0.1 OK for: node-fetch@3.3.2 want: ^4.0.0
164 silly placeDep ROOT fetch-blob@3.2.0 OK for: node-fetch@3.3.2 want: ^3.1.4
165 silly placeDep ROOT formdata-polyfill@4.0.10 OK for: node-fetch@3.3.2 want: ^4.0.10
166 silly fetch manifest node-domexception@^1.0.0
167 silly packumentCache full:https://registry.npmjs.org/node-domexception cache-miss
168 silly fetch manifest web-streams-polyfill@^3.0.3
169 silly packumentCache full:https://registry.npmjs.org/web-streams-polyfill cache-miss
170 http fetch GET 200 https://registry.npmjs.org/node-domexception 40ms (cache miss)
171 silly packumentCache full:https://registry.npmjs.org/node-domexception set size:undefined disposed:false
172 http fetch GET 200 https://registry.npmjs.org/web-streams-polyfill 40ms (cache miss)
173 silly packumentCache full:https://registry.npmjs.org/web-streams-polyfill set size:undefined disposed:false
174 silly placeDep ROOT node-domexception@1.0.0 OK for: fetch-blob@3.2.0 want: ^1.0.0
175 silly placeDep ROOT web-streams-polyfill@3.3.3 OK for: fetch-blob@3.2.0 want: ^3.0.3
176 silly placeDep ROOT side-channel@1.1.0 OK for: qs@6.15.0 want: ^1.1.0
177 silly fetch manifest es-errors@^1.3.0
178 silly packumentCache full:https://registry.npmjs.org/es-errors cache-miss
179 silly fetch manifest object-inspect@^1.13.3
180 silly packumentCache full:https://registry.npmjs.org/object-inspect cache-miss
181 silly fetch manifest side-channel-list@^1.0.0
182 silly packumentCache full:https://registry.npmjs.org/side-channel-list cache-miss
183 silly fetch manifest side-channel-map@^1.0.1
184 silly packumentCache full:https://registry.npmjs.org/side-channel-map cache-miss
185 silly fetch manifest side-channel-weakmap@^1.0.2
186 silly packumentCache full:https://registry.npmjs.org/side-channel-weakmap cache-miss
187 http fetch GET 200 https://registry.npmjs.org/es-errors 35ms (cache miss)
188 silly packumentCache full:https://registry.npmjs.org/es-errors set size:undefined disposed:false
189 http fetch GET 200 https://registry.npmjs.org/side-channel-list 37ms (cache miss)
190 silly packumentCache full:https://registry.npmjs.org/side-channel-list set size:undefined disposed:false
191 http fetch GET 200 https://registry.npmjs.org/object-inspect 41ms (cache miss)
192 silly packumentCache full:https://registry.npmjs.org/object-inspect set size:undefined disposed:false
193 http fetch GET 200 https://registry.npmjs.org/side-channel-map 44ms (cache miss)
194 silly packumentCache full:https://registry.npmjs.org/side-channel-map set size:undefined disposed:false
195 http fetch GET 200 https://registry.npmjs.org/side-channel-weakmap 44ms (cache miss)
196 silly packumentCache full:https://registry.npmjs.org/side-channel-weakmap set size:undefined disposed:false
197 silly placeDep ROOT glob@10.5.0 OK for: rimraf@5.0.10 want: ^10.3.7
198 silly fetch manifest minipass@^7.1.2
199 silly packumentCache full:https://registry.npmjs.org/minipass cache-miss
200 silly fetch manifest jackspeak@^3.1.2
201 silly packumentCache full:https://registry.npmjs.org/jackspeak cache-miss
202 silly fetch manifest minimatch@^9.0.4
203 silly packumentCache full:https://registry.npmjs.org/minimatch cache-miss
204 silly fetch manifest path-scurry@^1.11.1
205 silly packumentCache full:https://registry.npmjs.org/path-scurry cache-miss
206 silly fetch manifest foreground-child@^3.1.0
207 silly packumentCache full:https://registry.npmjs.org/foreground-child cache-miss
208 silly fetch manifest package-json-from-dist@^1.0.0
209 silly packumentCache full:https://registry.npmjs.org/package-json-from-dist cache-miss
210 http fetch GET 200 https://registry.npmjs.org/package-json-from-dist 39ms (cache miss)
211 silly packumentCache full:https://registry.npmjs.org/package-json-from-dist set size:undefined disposed:false
212 http fetch GET 200 https://registry.npmjs.org/foreground-child 43ms (cache miss)
213 silly packumentCache full:https://registry.npmjs.org/foreground-child set size:undefined disposed:false
214 http fetch GET 200 https://registry.npmjs.org/jackspeak 46ms (cache miss)
215 silly packumentCache full:https://registry.npmjs.org/jackspeak set size:undefined disposed:false
216 http fetch GET 200 https://registry.npmjs.org/path-scurry 46ms (cache miss)
217 silly packumentCache full:https://registry.npmjs.org/path-scurry set size:undefined disposed:false
218 http fetch GET 200 https://registry.npmjs.org/minipass 48ms (cache miss)
219 silly packumentCache full:https://registry.npmjs.org/minipass set size:undefined disposed:false
220 http fetch GET 200 https://registry.npmjs.org/minimatch 49ms (cache miss)
221 silly packumentCache full:https://registry.npmjs.org/minimatch set size:undefined disposed:false
222 silly placeDep ROOT foreground-child@3.3.1 OK for: glob@10.5.0 want: ^3.1.0
223 silly placeDep ROOT jackspeak@3.4.3 OK for: glob@10.5.0 want: ^3.1.2
224 silly placeDep ROOT minimatch@9.0.5 OK for: glob@10.5.0 want: ^9.0.4
225 silly placeDep ROOT minipass@7.1.3 OK for: glob@10.5.0 want: ^7.1.2
226 silly placeDep ROOT package-json-from-dist@1.0.1 OK for: glob@10.5.0 want: ^1.0.0
227 silly placeDep ROOT path-scurry@1.11.1 OK for: glob@10.5.0 want: ^1.11.1
228 silly fetch manifest cross-spawn@^7.0.6
229 silly packumentCache full:https://registry.npmjs.org/cross-spawn cache-miss
230 silly fetch manifest signal-exit@^4.0.1
231 silly packumentCache full:https://registry.npmjs.org/signal-exit cache-miss
232 silly fetch manifest @isaacs/cliui@^8.0.2
233 silly packumentCache full:https://registry.npmjs.org/@isaacs%2fcliui cache-miss
234 silly fetch manifest @pkgjs/parseargs@^0.11.0
235 silly packumentCache full:https://registry.npmjs.org/@pkgjs%2fparseargs cache-miss
236 silly fetch manifest brace-expansion@^2.0.1
237 silly packumentCache full:https://registry.npmjs.org/brace-expansion cache-miss
238 silly fetch manifest lru-cache@^10.2.0
239 silly packumentCache full:https://registry.npmjs.org/lru-cache cache-miss
240 http fetch GET 200 https://registry.npmjs.org/signal-exit 124ms (cache miss)
241 silly packumentCache full:https://registry.npmjs.org/signal-exit set size:undefined disposed:false
242 http fetch GET 200 https://registry.npmjs.org/brace-expansion 126ms (cache miss)
243 silly packumentCache full:https://registry.npmjs.org/brace-expansion set size:undefined disposed:false
244 http fetch GET 200 https://registry.npmjs.org/lru-cache 129ms (cache miss)
245 silly packumentCache full:https://registry.npmjs.org/lru-cache set size:undefined disposed:false
246 http fetch GET 200 https://registry.npmjs.org/@pkgjs%2fparseargs 144ms (cache miss)
247 silly packumentCache full:https://registry.npmjs.org/@pkgjs%2fparseargs set size:undefined disposed:false
248 http fetch GET 200 https://registry.npmjs.org/cross-spawn 146ms (cache miss)
249 silly packumentCache full:https://registry.npmjs.org/cross-spawn set size:undefined disposed:false
250 http fetch GET 200 https://registry.npmjs.org/@isaacs%2fcliui 153ms (cache miss)
251 silly packumentCache full:https://registry.npmjs.org/@isaacs%2fcliui set size:undefined disposed:false
252 silly placeDep ROOT cross-spawn@7.0.6 OK for: foreground-child@3.3.1 want: ^7.0.6
253 silly placeDep ROOT signal-exit@4.1.0 OK for: foreground-child@3.3.1 want: ^4.0.1
254 silly fetch manifest which@^2.0.1
255 silly packumentCache full:https://registry.npmjs.org/which cache-miss
256 silly fetch manifest path-key@^3.1.0
257 silly packumentCache full:https://registry.npmjs.org/path-key cache-miss
258 silly fetch manifest shebang-command@^2.0.0
259 silly packumentCache full:https://registry.npmjs.org/shebang-command cache-miss
260 http fetch GET 200 https://registry.npmjs.org/path-key 44ms (cache miss)
261 silly packumentCache full:https://registry.npmjs.org/path-key set size:undefined disposed:false
262 http fetch GET 200 https://registry.npmjs.org/shebang-command 46ms (cache miss)
263 silly packumentCache full:https://registry.npmjs.org/shebang-command set size:undefined disposed:false
264 http fetch GET 200 https://registry.npmjs.org/which 46ms (cache miss)
265 silly packumentCache full:https://registry.npmjs.org/which set size:undefined disposed:false
266 silly placeDep ROOT path-key@3.1.1 OK for: cross-spawn@7.0.6 want: ^3.1.0
267 silly placeDep ROOT shebang-command@2.0.0 OK for: cross-spawn@7.0.6 want: ^2.0.0
268 silly placeDep ROOT which@2.0.2 OK for: cross-spawn@7.0.6 want: ^2.0.1
269 silly fetch manifest shebang-regex@^3.0.0
270 silly packumentCache full:https://registry.npmjs.org/shebang-regex cache-miss
271 silly fetch manifest isexe@^2.0.0
272 silly packumentCache full:https://registry.npmjs.org/isexe cache-miss
273 http fetch GET 200 https://registry.npmjs.org/isexe 35ms (cache miss)
274 silly packumentCache full:https://registry.npmjs.org/isexe set size:undefined disposed:false
275 http fetch GET 200 https://registry.npmjs.org/shebang-regex 45ms (cache miss)
276 silly packumentCache full:https://registry.npmjs.org/shebang-regex set size:undefined disposed:false
277 silly placeDep ROOT @isaacs/cliui@8.0.2 OK for: jackspeak@3.4.3 want: ^8.0.2
278 silly placeDep ROOT @pkgjs/parseargs@0.11.0 OK for: jackspeak@3.4.3 want: ^0.11.0
279 silly fetch manifest wrap-ansi@^8.1.0
280 silly packumentCache full:https://registry.npmjs.org/wrap-ansi cache-miss
281 silly fetch manifest strip-ansi@^7.0.1
282 silly packumentCache full:https://registry.npmjs.org/strip-ansi cache-miss
283 silly fetch manifest string-width@^5.1.2
284 silly packumentCache full:https://registry.npmjs.org/string-width cache-miss
285 silly fetch manifest wrap-ansi-cjs@npm:wrap-ansi@^7.0.0
286 silly packumentCache full:https://registry.npmjs.org/wrap-ansi cache-miss
287 silly fetch manifest strip-ansi-cjs@npm:strip-ansi@^6.0.1
288 silly packumentCache full:https://registry.npmjs.org/strip-ansi cache-miss
289 silly fetch manifest string-width-cjs@npm:string-width@^4.2.0
290 silly packumentCache full:https://registry.npmjs.org/string-width cache-miss
291 http fetch GET 200 https://registry.npmjs.org/string-width 35ms (cache miss)
292 silly packumentCache full:https://registry.npmjs.org/string-width set size:undefined disposed:false
293 http fetch GET 200 https://registry.npmjs.org/string-width 36ms (cache miss)
294 silly packumentCache full:https://registry.npmjs.org/string-width set size:undefined disposed:false
295 http fetch GET 200 https://registry.npmjs.org/wrap-ansi 43ms (cache miss)
296 silly packumentCache full:https://registry.npmjs.org/wrap-ansi set size:undefined disposed:false
297 http fetch GET 200 https://registry.npmjs.org/wrap-ansi 52ms (cache miss)
298 silly packumentCache full:https://registry.npmjs.org/wrap-ansi set size:undefined disposed:false
299 http fetch GET 200 https://registry.npmjs.org/strip-ansi 51ms (cache miss)
300 silly packumentCache full:https://registry.npmjs.org/strip-ansi set size:undefined disposed:false
301 http fetch GET 200 https://registry.npmjs.org/strip-ansi 58ms (cache miss)
302 silly packumentCache full:https://registry.npmjs.org/strip-ansi set size:undefined disposed:false
303 silly placeDep ROOT string-width@5.1.2 OK for: @isaacs/cliui@8.0.2 want: ^5.1.2
304 silly placeDep ROOT string-width-cjs@4.2.3 OK for: @isaacs/cliui@8.0.2 want: npm:string-width@^4.2.0
305 silly placeDep ROOT strip-ansi@7.1.2 OK for: @isaacs/cliui@8.0.2 want: ^7.0.1
306 silly placeDep ROOT strip-ansi-cjs@6.0.1 OK for: @isaacs/cliui@8.0.2 want: npm:strip-ansi@^6.0.1
307 silly placeDep ROOT wrap-ansi@8.1.0 OK for: @isaacs/cliui@8.0.2 want: ^8.1.0
308 silly placeDep ROOT wrap-ansi-cjs@7.0.0 OK for: @isaacs/cliui@8.0.2 want: npm:wrap-ansi@^7.0.0
309 silly fetch manifest emoji-regex@^9.2.2
310 silly packumentCache full:https://registry.npmjs.org/emoji-regex cache-miss
311 silly fetch manifest eastasianwidth@^0.2.0
312 silly packumentCache full:https://registry.npmjs.org/eastasianwidth cache-miss
313 silly fetch manifest strip-ansi@^6.0.1
314 silly packumentCache full:https://registry.npmjs.org/strip-ansi cache-miss
315 silly fetch manifest emoji-regex@^8.0.0
316 silly packumentCache full:https://registry.npmjs.org/emoji-regex cache-miss
317 silly fetch manifest is-fullwidth-code-point@^3.0.0
318 silly packumentCache full:https://registry.npmjs.org/is-fullwidth-code-point cache-miss
319 silly fetch manifest ansi-regex@^6.0.1
320 silly packumentCache full:https://registry.npmjs.org/ansi-regex cache-miss
321 silly fetch manifest ansi-regex@^5.0.1
322 silly packumentCache full:https://registry.npmjs.org/ansi-regex cache-miss
323 silly fetch manifest ansi-styles@^6.1.0
324 silly packumentCache full:https://registry.npmjs.org/ansi-styles cache-miss
325 silly fetch manifest strip-ansi@^6.0.0
326 silly packumentCache full:https://registry.npmjs.org/strip-ansi cache-miss
327 silly fetch manifest ansi-styles@^4.0.0
328 silly packumentCache full:https://registry.npmjs.org/ansi-styles cache-miss
329 silly fetch manifest string-width@^4.1.0
330 silly packumentCache full:https://registry.npmjs.org/string-width cache-miss
331 http cache https://registry.npmjs.org/strip-ansi 10ms (cache hit)
332 silly packumentCache full:https://registry.npmjs.org/strip-ansi set size:41855 disposed:false
333 http cache https://registry.npmjs.org/string-width 10ms (cache hit)
334 silly packumentCache full:https://registry.npmjs.org/string-width set size:68305 disposed:false
335 http cache https://registry.npmjs.org/strip-ansi 12ms (cache hit)
336 silly packumentCache full:https://registry.npmjs.org/strip-ansi set size:41855 disposed:false
337 silly packumentCache full:https://registry.npmjs.org/strip-ansi dispose
338 http fetch GET 200 https://registry.npmjs.org/ansi-regex 33ms (cache miss)
339 silly packumentCache full:https://registry.npmjs.org/ansi-regex set size:undefined disposed:false
340 http fetch GET 200 https://registry.npmjs.org/is-fullwidth-code-point 34ms (cache miss)
341 silly packumentCache full:https://registry.npmjs.org/is-fullwidth-code-point set size:undefined disposed:false
342 http fetch GET 200 https://registry.npmjs.org/ansi-styles 35ms (cache miss)
343 silly packumentCache full:https://registry.npmjs.org/ansi-styles set size:undefined disposed:false
344 http fetch GET 200 https://registry.npmjs.org/emoji-regex 39ms (cache miss)
345 silly packumentCache full:https://registry.npmjs.org/emoji-regex set size:undefined disposed:false
346 http fetch GET 200 https://registry.npmjs.org/emoji-regex 39ms (cache miss)
347 silly packumentCache full:https://registry.npmjs.org/emoji-regex set size:undefined disposed:false
348 http fetch GET 200 https://registry.npmjs.org/ansi-styles 41ms (cache miss)
349 silly packumentCache full:https://registry.npmjs.org/ansi-styles set size:undefined disposed:false
350 http fetch GET 200 https://registry.npmjs.org/eastasianwidth 43ms (cache miss)
351 silly packumentCache full:https://registry.npmjs.org/eastasianwidth set size:undefined disposed:false
352 http fetch GET 200 https://registry.npmjs.org/ansi-regex 189ms (cache miss)
353 silly packumentCache full:https://registry.npmjs.org/ansi-regex set size:undefined disposed:false
354 silly placeDep ROOT brace-expansion@2.0.2 OK for: minimatch@9.0.5 want: ^2.0.1
355 silly fetch manifest balanced-match@^1.0.0
356 silly packumentCache full:https://registry.npmjs.org/balanced-match cache-miss
357 http fetch GET 200 https://registry.npmjs.org/balanced-match 110ms (cache miss)
358 silly packumentCache full:https://registry.npmjs.org/balanced-match set size:undefined disposed:false
359 silly placeDep ROOT balanced-match@1.0.2 OK for: brace-expansion@2.0.2 want: ^1.0.0
360 silly placeDep ROOT lru-cache@10.4.3 OK for: path-scurry@1.11.1 want: ^10.2.0
361 silly placeDep ROOT shebang-regex@3.0.0 OK for: shebang-command@2.0.0 want: ^3.0.0
362 silly placeDep ROOT es-errors@1.3.0 OK for: side-channel@1.1.0 want: ^1.3.0
363 silly placeDep ROOT object-inspect@1.13.4 OK for: side-channel@1.1.0 want: ^1.13.3
364 silly placeDep ROOT side-channel-list@1.0.0 OK for: side-channel@1.1.0 want: ^1.0.0
365 silly placeDep ROOT side-channel-map@1.0.1 OK for: side-channel@1.1.0 want: ^1.0.1
366 silly placeDep ROOT side-channel-weakmap@1.0.2 OK for: side-channel@1.1.0 want: ^1.0.2
367 silly fetch manifest call-bound@^1.0.2
368 silly packumentCache full:https://registry.npmjs.org/call-bound cache-miss
369 silly fetch manifest get-intrinsic@^1.2.5
370 silly packumentCache full:https://registry.npmjs.org/get-intrinsic cache-miss
371 silly fetch manifest call-bound@^1.0.2
372 silly packumentCache full:https://registry.npmjs.org/call-bound cache-miss
373 silly fetch manifest get-intrinsic@^1.2.5
374 silly packumentCache full:https://registry.npmjs.org/get-intrinsic cache-miss
375 http fetch GET 200 https://registry.npmjs.org/call-bound 36ms (cache miss)
376 silly packumentCache full:https://registry.npmjs.org/call-bound set size:undefined disposed:false
377 http fetch GET 200 https://registry.npmjs.org/call-bound 42ms (cache miss)
378 silly packumentCache full:https://registry.npmjs.org/call-bound set size:undefined disposed:false
379 http fetch GET 200 https://registry.npmjs.org/get-intrinsic 42ms (cache miss)
380 silly packumentCache full:https://registry.npmjs.org/get-intrinsic set size:undefined disposed:false
381 http fetch GET 200 https://registry.npmjs.org/get-intrinsic 47ms (cache miss)
382 silly packumentCache full:https://registry.npmjs.org/get-intrinsic set size:undefined disposed:false
383 silly placeDep ROOT call-bound@1.0.4 OK for: side-channel-map@1.0.1 want: ^1.0.2
384 silly placeDep ROOT get-intrinsic@1.3.0 OK for: side-channel-map@1.0.1 want: ^1.2.5
385 silly fetch manifest call-bind-apply-helpers@^1.0.2
386 silly packumentCache full:https://registry.npmjs.org/call-bind-apply-helpers cache-miss
387 silly fetch manifest get-intrinsic@^1.3.0
388 silly packumentCache full:https://registry.npmjs.org/get-intrinsic cache-miss
389 silly fetch manifest gopd@^1.2.0
390 silly packumentCache full:https://registry.npmjs.org/gopd cache-miss
391 silly fetch manifest hasown@^2.0.2
392 silly packumentCache full:https://registry.npmjs.org/hasown cache-miss
393 silly fetch manifest get-proto@^1.0.1
394 silly packumentCache full:https://registry.npmjs.org/get-proto cache-miss
395 silly fetch manifest has-symbols@^1.1.0
396 silly packumentCache full:https://registry.npmjs.org/has-symbols cache-miss
397 silly fetch manifest function-bind@^1.1.2
398 silly packumentCache full:https://registry.npmjs.org/function-bind cache-miss
399 silly fetch manifest es-object-atoms@^1.1.1
400 silly packumentCache full:https://registry.npmjs.org/es-object-atoms cache-miss
401 silly fetch manifest math-intrinsics@^1.1.0
402 silly packumentCache full:https://registry.npmjs.org/math-intrinsics cache-miss
403 silly fetch manifest es-define-property@^1.0.1
404 silly packumentCache full:https://registry.npmjs.org/es-define-property cache-miss
405 silly fetch manifest call-bind-apply-helpers@^1.0.2
406 silly packumentCache full:https://registry.npmjs.org/call-bind-apply-helpers cache-miss
407 http cache https://registry.npmjs.org/get-intrinsic 7ms (cache hit)
408 silly packumentCache full:https://registry.npmjs.org/get-intrinsic set size:60985 disposed:false
409 http fetch GET 200 https://registry.npmjs.org/call-bind-apply-helpers 35ms (cache miss)
410 silly packumentCache full:https://registry.npmjs.org/call-bind-apply-helpers set size:undefined disposed:false
411 http fetch GET 200 https://registry.npmjs.org/call-bind-apply-helpers 39ms (cache miss)
412 silly packumentCache full:https://registry.npmjs.org/call-bind-apply-helpers set size:undefined disposed:false
413 http fetch GET 200 https://registry.npmjs.org/es-define-property 40ms (cache miss)
414 silly packumentCache full:https://registry.npmjs.org/es-define-property set size:undefined disposed:false
415 http fetch GET 200 https://registry.npmjs.org/has-symbols 42ms (cache miss)
416 silly packumentCache full:https://registry.npmjs.org/has-symbols set size:undefined disposed:false
417 http fetch GET 200 https://registry.npmjs.org/es-object-atoms 42ms (cache miss)
418 silly packumentCache full:https://registry.npmjs.org/es-object-atoms set size:undefined disposed:false
419 http fetch GET 200 https://registry.npmjs.org/get-proto 43ms (cache miss)
420 silly packumentCache full:https://registry.npmjs.org/get-proto set size:undefined disposed:false
421 http fetch GET 200 https://registry.npmjs.org/hasown 43ms (cache miss)
422 silly packumentCache full:https://registry.npmjs.org/hasown set size:undefined disposed:false
423 http fetch GET 200 https://registry.npmjs.org/math-intrinsics 42ms (cache miss)
424 silly packumentCache full:https://registry.npmjs.org/math-intrinsics set size:undefined disposed:false
425 http fetch GET 200 https://registry.npmjs.org/gopd 44ms (cache miss)
426 silly packumentCache full:https://registry.npmjs.org/gopd set size:undefined disposed:false
427 http fetch GET 200 https://registry.npmjs.org/function-bind 43ms (cache miss)
428 silly packumentCache full:https://registry.npmjs.org/function-bind set size:undefined disposed:false
429 silly placeDep ROOT call-bind-apply-helpers@1.0.2 OK for: call-bound@1.0.4 want: ^1.0.2
430 silly placeDep ROOT function-bind@1.1.2 OK for: call-bind-apply-helpers@1.0.2 want: ^1.1.2
431 silly placeDep ROOT es-define-property@1.0.1 OK for: get-intrinsic@1.3.0 want: ^1.0.1
432 silly placeDep ROOT es-object-atoms@1.1.1 OK for: get-intrinsic@1.3.0 want: ^1.1.1
433 silly placeDep ROOT get-proto@1.0.1 OK for: get-intrinsic@1.3.0 want: ^1.0.1
434 silly placeDep ROOT gopd@1.2.0 OK for: get-intrinsic@1.3.0 want: ^1.2.0
435 silly placeDep ROOT has-symbols@1.1.0 OK for: get-intrinsic@1.3.0 want: ^1.1.0
436 silly placeDep ROOT hasown@2.0.2 OK for: get-intrinsic@1.3.0 want: ^2.0.2
437 silly placeDep ROOT math-intrinsics@1.1.0 OK for: get-intrinsic@1.3.0 want: ^1.1.0
438 silly fetch manifest dunder-proto@^1.0.1
439 silly packumentCache full:https://registry.npmjs.org/dunder-proto cache-miss
440 http fetch GET 200 https://registry.npmjs.org/dunder-proto 38ms (cache miss)
441 silly packumentCache full:https://registry.npmjs.org/dunder-proto set size:undefined disposed:false
442 silly placeDep ROOT dunder-proto@1.0.1 OK for: get-proto@1.0.1 want: ^1.0.1
443 silly placeDep ROOT eastasianwidth@0.2.0 OK for: string-width@5.1.2 want: ^0.2.0
444 silly placeDep ROOT emoji-regex@9.2.2 OK for: string-width@5.1.2 want: ^9.2.2
445 silly placeDep node_modules/string-width-cjs emoji-regex@8.0.0 OK for: string-width@4.2.3 want: ^8.0.0
446 silly placeDep ROOT is-fullwidth-code-point@3.0.0 OK for: string-width@4.2.3 want: ^3.0.0
447 silly placeDep node_modules/string-width-cjs strip-ansi@6.0.1 OK for: string-width@4.2.3 want: ^6.0.1
448 silly placeDep ROOT ansi-regex@6.2.2 OK for: strip-ansi@7.1.2 want: ^6.0.1
449 silly placeDep node_modules/strip-ansi-cjs ansi-regex@5.0.1 OK for: strip-ansi@6.0.1 want: ^5.0.1
450 silly placeDep ROOT isexe@2.0.0 OK for: which@2.0.2 want: ^2.0.0
451 silly placeDep ROOT ansi-styles@6.2.3 OK for: wrap-ansi@8.1.0 want: ^6.1.0
452 silly placeDep node_modules/wrap-ansi-cjs ansi-styles@4.3.0 OK for: wrap-ansi@7.0.0 want: ^4.0.0
453 silly placeDep node_modules/wrap-ansi-cjs string-width@4.2.3 OK for: wrap-ansi@7.0.0 want: ^4.1.0
454 silly placeDep node_modules/wrap-ansi-cjs strip-ansi@6.0.1 OK for: wrap-ansi@7.0.0 want: ^6.0.0
455 silly fetch manifest color-convert@^2.0.1
456 silly packumentCache full:https://registry.npmjs.org/color-convert cache-miss
457 http fetch GET 200 https://registry.npmjs.org/color-convert 35ms (cache miss)
458 silly packumentCache full:https://registry.npmjs.org/color-convert set size:undefined disposed:false
459 silly placeDep node_modules/string-width-cjs ansi-regex@5.0.1 OK for: strip-ansi@6.0.1 want: ^5.0.1
460 silly placeDep ROOT color-convert@2.0.1 OK for: ansi-styles@4.3.0 want: ^2.0.1
461 silly fetch manifest color-name@~1.1.4
462 silly packumentCache full:https://registry.npmjs.org/color-name cache-miss
463 http fetch GET 200 https://registry.npmjs.org/color-name 33ms (cache miss)
464 silly packumentCache full:https://registry.npmjs.org/color-name set size:undefined disposed:false
465 silly placeDep ROOT color-name@1.1.4 OK for: color-convert@2.0.1 want: ~1.1.4
466 silly placeDep node_modules/wrap-ansi-cjs emoji-regex@8.0.0 OK for: string-width@4.2.3 want: ^8.0.0
467 silly placeDep node_modules/wrap-ansi-cjs ansi-regex@5.0.1 OK for: strip-ansi@6.0.1 want: ^5.0.1
468 silly reify mark retired [
468 silly reify   '/Users/sanjithudupa/Documents/Code/MIT/zbt/midnights/midnights_web/node_modules/googleapis'
468 silly reify ]
469 silly reify mark retired [
469 silly reify   '/Users/sanjithudupa/Documents/Code/MIT/zbt/midnights/midnights_web/node_modules/minipass'
469 silly reify ]
470 silly reify mark retired [
470 silly reify   '/Users/sanjithudupa/Documents/Code/MIT/zbt/midnights/midnights_web/node_modules/qs'
470 silly reify ]
471 silly reify moves {
471 silly reify   '/Users/sanjithudupa/Documents/Code/MIT/zbt/midnights/midnights_web/node_modules/googleapis': '/Users/sanjithudupa/Documents/Code/MIT/zbt/midnights/midnights_web/node_modules/.googleapis-YWff1Rcc',
471 silly reify   '/Users/sanjithudupa/Documents/Code/MIT/zbt/midnights/midnights_web/node_modules/minipass': '/Users/sanjithudupa/Documents/Code/MIT/zbt/midnights/midnights_web/node_modules/.minipass-AcAVe3kc',
471 silly reify   '/Users/sanjithudupa/Documents/Code/MIT/zbt/midnights/midnights_web/node_modules/qs': '/Users/sanjithudupa/Documents/Code/MIT/zbt/midnights/midnights_web/node_modules/.qs-vySAVnn3'
471 silly reify }
472 silly audit bulk request {
472 silly audit   '@babel/helper-string-parser': [ '7.27.1' ],
472 silly audit   '@babel/helper-validator-identifier': [ '7.28.5' ],
472 silly audit   '@babel/types': [ '7.28.5' ],
472 silly audit   '@emnapi/runtime': [ '1.8.1' ],
472 silly audit   '@img/colour': [ '1.0.0' ],
472 silly audit   '@img/sharp-darwin-arm64': [ '0.34.5' ],
472 silly audit   '@img/sharp-darwin-x64': [ '0.34.5' ],
472 silly audit   '@img/sharp-libvips-darwin-arm64': [ '1.2.4' ],
472 silly audit   '@img/sharp-libvips-darwin-x64': [ '1.2.4' ],
472 silly audit   '@img/sharp-libvips-linux-arm': [ '1.2.4' ],
472 silly audit   '@img/sharp-libvips-linux-arm64': [ '1.2.4' ],
472 silly audit   '@img/sharp-libvips-linux-ppc64': [ '1.2.4' ],
472 silly audit   '@img/sharp-libvips-linux-riscv64': [ '1.2.4' ],
472 silly audit   '@img/sharp-libvips-linux-s390x': [ '1.2.4' ],
472 silly audit   '@img/sharp-libvips-linux-x64': [ '1.2.4' ],
472 silly audit   '@img/sharp-libvips-linuxmusl-arm64': [ '1.2.4' ],
472 silly audit   '@img/sharp-libvips-linuxmusl-x64': [ '1.2.4' ],
472 silly audit   '@img/sharp-linux-arm': [ '0.34.5' ],
472 silly audit   '@img/sharp-linux-arm64': [ '0.34.5' ],
472 silly audit   '@img/sharp-linux-ppc64': [ '0.34.5' ],
472 silly audit   '@img/sharp-linux-riscv64': [ '0.34.5' ],
472 silly audit   '@img/sharp-linux-s390x': [ '0.34.5' ],
472 silly audit   '@img/sharp-linux-x64': [ '0.34.5' ],
472 silly audit   '@img/sharp-linuxmusl-arm64': [ '0.34.5' ],
472 silly audit   '@img/sharp-linuxmusl-x64': [ '0.34.5' ],
472 silly audit   '@img/sharp-wasm32': [ '0.34.5' ],
472 silly audit   '@img/sharp-win32-arm64': [ '0.34.5' ],
472 silly audit   '@img/sharp-win32-ia32': [ '0.34.5' ],
472 silly audit   '@img/sharp-win32-x64': [ '0.34.5' ],
472 silly audit   '@next/env': [ '16.1.1' ],
472 silly audit   '@next/swc-darwin-arm64': [ '16.1.1' ],
472 silly audit   '@next/swc-darwin-x64': [ '16.1.1' ],
472 silly audit   '@next/swc-linux-arm64-gnu': [ '16.1.1' ],
472 silly audit   '@next/swc-linux-arm64-musl': [ '16.1.1' ],
472 silly audit   '@next/swc-linux-x64-gnu': [ '16.1.1' ],
472 silly audit   '@next/swc-linux-x64-musl': [ '16.1.1' ],
472 silly audit   '@next/swc-win32-arm64-msvc': [ '16.1.1' ],
472 silly audit   '@next/swc-win32-x64-msvc': [ '16.1.1' ],
472 silly audit   '@supabase/auth-js': [ '2.89.0' ],
472 silly audit   '@supabase/functions-js': [ '2.89.0' ],
472 silly audit   '@supabase/postgrest-js': [ '2.89.0' ],
472 silly audit   '@supabase/realtime-js': [ '2.89.0' ],
472 silly audit   '@supabase/storage-js': [ '2.89.0' ],
472 silly audit   '@supabase/supabase-js': [ '2.89.0' ],
472 silly audit   '@swc/helpers': [ '0.5.15' ],
472 silly audit   '@types/node': [ '20.19.27' ],
472 silly audit   '@types/phoenix': [ '1.6.7' ],
472 silly audit   '@types/react': [ '19.2.7' ],
472 silly audit   '@types/react-dom': [ '19.2.3' ],
472 silly audit   '@types/ws': [ '8.18.1' ],
472 silly audit   'babel-plugin-react-compiler': [ '1.0.0' ],
472 silly audit   'baseline-browser-mapping': [ '2.9.11' ],
472 silly audit   bcryptjs: [ '3.0.3' ],
472 silly audit   'caniuse-lite': [ '1.0.30001762' ],
472 silly audit   'client-only': [ '0.0.1' ],
472 silly audit   csstype: [ '3.2.3' ],
472 silly audit   'detect-libc': [ '2.1.2' ],
472 silly audit   'iceberg-js': [ '0.8.1' ],
472 silly audit   nanoid: [ '3.3.11' ],
472 silly audit   next: [ '16.1.1' ],
472 silly audit   picocolors: [ '1.1.1' ],
472 silly audit   postcss: [ '8.4.31' ],
472 silly audit   react: [ '19.2.3' ],
472 silly audit   'react-dom': [ '19.2.3' ],
472 silly audit   scheduler: [ '0.27.0' ],
472 silly audit   semver: [ '7.7.3' ],
472 silly audit   sharp: [ '0.34.5' ],
472 silly audit   'source-map-js': [ '1.2.1' ],
472 silly audit   'styled-jsx': [ '5.1.6' ],
472 silly audit   tslib: [ '2.8.1' ],
472 silly audit   typescript: [ '5.9.3' ],
472 silly audit   'undici-types': [ '6.21.0' ],
472 silly audit   ws: [ '8.19.0' ],
472 silly audit   googleapis: [ '171.4.0' ],
472 silly audit   'google-auth-library': [ '10.5.0' ],
472 silly audit   'googleapis-common': [ '8.0.1' ],
472 silly audit   'base64-js': [ '1.5.1' ],
472 silly audit   'ecdsa-sig-formatter': [ '1.0.11' ],
472 silly audit   gaxios: [ '7.1.3' ],
472 silly audit   'gcp-metadata': [ '8.1.2' ],
472 silly audit   'google-logging-utils': [ '1.1.3' ],
472 silly audit   gtoken: [ '8.0.0' ],
472 silly audit   jws: [ '4.0.1' ],
472 silly audit   'safe-buffer': [ '5.2.1' ],
472 silly audit   extend: [ '3.0.2' ],
472 silly audit   'https-proxy-agent': [ '7.0.6' ],
472 silly audit   'node-fetch': [ '3.3.2' ],
472 silly audit   rimraf: [ '5.0.10' ],
472 silly audit   'json-bigint': [ '1.0.0' ],
472 silly audit   qs: [ '6.15.0' ],
472 silly audit   'url-template': [ '2.0.8' ],
472 silly audit   'agent-base': [ '7.1.4' ],
472 silly audit   debug: [ '4.4.3' ],
472 silly audit   ms: [ '2.1.3' ],
472 silly audit   'bignumber.js': [ '9.3.1' ],
472 silly audit   jwa: [ '2.0.1' ],
472 silly audit   'buffer-equal-constant-time': [ '1.0.1' ],
472 silly audit   'data-uri-to-buffer': [ '4.0.1' ],
472 silly audit   'fetch-blob': [ '3.2.0' ],
472 silly audit   'formdata-polyfill': [ '4.0.10' ],
472 silly audit   'node-domexception': [ '1.0.0' ],
472 silly audit   'web-streams-polyfill': [ '3.3.3' ],
472 silly audit   'side-channel': [ '1.1.0' ],
472 silly audit   glob: [ '10.5.0' ],
472 silly audit   'foreground-child': [ '3.3.1' ],
472 silly audit   jackspeak: [ '3.4.3' ],
472 silly audit   minimatch: [ '9.0.5' ],
472 silly audit   minipass: [ '7.1.3' ],
472 silly audit   'package-json-from-dist': [ '1.0.1' ],
472 silly audit   'path-scurry': [ '1.11.1' ],
472 silly audit   'cross-spawn': [ '7.0.6' ],
472 silly audit   'signal-exit': [ '4.1.0' ],
472 silly audit   'path-key': [ '3.1.1' ],
472 silly audit   'shebang-command': [ '2.0.0' ],
472 silly audit   which: [ '2.0.2' ],
472 silly audit   '@isaacs/cliui': [ '8.0.2' ],
472 silly audit   '@pkgjs/parseargs': [ '0.11.0' ],
472 silly audit   'string-width': [ '5.1.2', '4.2.3' ],
472 silly audit   'strip-ansi': [ '7.1.2', '6.0.1' ],
472 silly audit   'wrap-ansi': [ '8.1.0', '7.0.0' ],
472 silly audit   'brace-expansion': [ '2.0.2' ],
472 silly audit   'balanced-match': [ '1.0.2' ],
472 silly audit   'lru-cache': [ '10.4.3' ],
472 silly audit   'shebang-regex': [ '3.0.0' ],
472 silly audit   'es-errors': [ '1.3.0' ],
472 silly audit   'object-inspect': [ '1.13.4' ],
472 silly audit   'side-channel-list': [ '1.0.0' ],
472 silly audit   'side-channel-map': [ '1.0.1' ],
472 silly audit   'side-channel-weakmap': [ '1.0.2' ],
472 silly audit   'call-bound': [ '1.0.4' ],
472 silly audit   'get-intrinsic': [ '1.3.0' ],
472 silly audit   'call-bind-apply-helpers': [ '1.0.2' ],
472 silly audit   'function-bind': [ '1.1.2' ],
472 silly audit   'es-define-property': [ '1.0.1' ],
472 silly audit   'es-object-atoms': [ '1.1.1' ],
472 silly audit   'get-proto': [ '1.0.1' ],
472 silly audit   gopd: [ '1.2.0' ],
472 silly audit   'has-symbols': [ '1.1.0' ],
472 silly audit   hasown: [ '2.0.2' ],
472 silly audit   'math-intrinsics': [ '1.1.0' ],
472 silly audit   'dunder-proto': [ '1.0.1' ],
472 silly audit   eastasianwidth: [ '0.2.0' ],
472 silly audit   'emoji-regex': [ '9.2.2', '8.0.0' ],
472 silly audit   'is-fullwidth-code-point': [ '3.0.0' ],
472 silly audit   'ansi-regex': [ '6.2.2', '5.0.1' ],
472 silly audit   isexe: [ '2.0.0' ],
472 silly audit   'ansi-styles': [ '6.2.3', '4.3.0' ],
472 silly audit   'color-convert': [ '2.0.1' ],
472 silly audit   'color-name': [ '1.1.4' ]
472 silly audit }
473 http cache qs@https://registry.npmjs.org/qs/-/qs-6.15.0.tgz 0ms (cache hit)
474 http cache minipass@https://registry.npmjs.org/minipass/-/minipass-7.1.3.tgz 0ms (cache hit)
475 http cache googleapis@https://registry.npmjs.org/googleapis/-/googleapis-171.4.0.tgz 0ms (cache hit)
476 silly tarball no local data for qs@https://registry.npmjs.org/qs/-/qs-6.15.0.tgz. Extracting by manifest.
477 silly tarball no local data for minipass@https://registry.npmjs.org/minipass/-/minipass-7.1.3.tgz. Extracting by manifest.
478 silly tarball no local data for googleapis@https://registry.npmjs.org/googleapis/-/googleapis-171.4.0.tgz. Extracting by manifest.
479 http fetch GET 200 https://registry.npmjs.org/qs/-/qs-6.15.0.tgz 53ms (cache miss)
480 http fetch GET 200 https://registry.npmjs.org/minipass/-/minipass-7.1.3.tgz 53ms (cache miss)
481 http fetch POST 200 https://registry.npmjs.org/-/npm/v1/security/advisories/bulk 129ms
482 silly audit report {
482 silly audit report   next: [
482 silly audit report     {
482 silly audit report       id: 1112592,
482 silly audit report       url: 'https://github.com/advisories/GHSA-9g9p-9gw9-jx7f',
482 silly audit report       title: 'Next.js self-hosted applications vulnerable to DoS via Image Optimizer remotePatterns configuration',
482 silly audit report       severity: 'moderate',
482 silly audit report       vulnerable_versions: '>=15.6.0-canary.0 <16.1.5',
482 silly audit report       cwe: [Array],
482 silly audit report       cvss: [Object]
482 silly audit report     },
482 silly audit report     {
482 silly audit report       id: 1112645,
482 silly audit report       url: 'https://github.com/advisories/GHSA-h25m-26qc-wcjf',
482 silly audit report       title: 'Next.js HTTP request deserialization can lead to DoS when using insecure React Server Components',
482 silly audit report       severity: 'high',
482 silly audit report       vulnerable_versions: '>=16.1.0-canary.0 <16.1.5',
482 silly audit report       cwe: [Array],
482 silly audit report       cvss: [Object]
482 silly audit report     },
482 silly audit report     {
482 silly audit report       id: 1112990,
482 silly audit report       url: 'https://github.com/advisories/GHSA-5f7q-jpqc-wp7h',
482 silly audit report       title: 'Next.js has Unbounded Memory Consumption via PPR Resume Endpoint ',
482 silly audit report       severity: 'moderate',
482 silly audit report       vulnerable_versions: '>=16.0.0-beta.0 <16.1.5',
482 silly audit report       cwe: [Array],
482 silly audit report       cvss: [Object]
482 silly audit report     }
482 silly audit report   ],
482 silly audit report   minimatch: [
482 silly audit report     {
482 silly audit report       id: 1113371,
482 silly audit report       url: 'https://github.com/advisories/GHSA-3ppc-4f35-3m26',
482 silly audit report       title: 'minimatch has a ReDoS via repeated wildcards with non-matching literal in pattern',
482 silly audit report       severity: 'high',
482 silly audit report       vulnerable_versions: '<10.2.1',
482 silly audit report       cwe: [Array],
482 silly audit report       cvss: [Object]
482 silly audit report     }
482 silly audit report   ]
482 silly audit report }
483 silly packumentCache corgi:https://registry.npmjs.org/next cache-miss
484 silly packumentCache corgi:https://registry.npmjs.org/minimatch cache-miss
485 http fetch GET 200 https://registry.npmjs.org/minimatch 168ms (cache miss)
486 silly packumentCache corgi:https://registry.npmjs.org/minimatch set size:undefined disposed:false
487 http fetch GET 200 https://registry.npmjs.org/googleapis/-/googleapis-171.4.0.tgz 1027ms (cache miss)
488 http fetch GET 200 https://registry.npmjs.org/next 1071ms (cache miss)
489 silly packumentCache corgi:https://registry.npmjs.org/next set size:undefined disposed:false
490 silly packumentCache corgi:https://registry.npmjs.org/glob cache-miss
491 http fetch GET 200 https://registry.npmjs.org/glob 54ms (cache miss)
492 silly packumentCache corgi:https://registry.npmjs.org/glob set size:undefined disposed:false
493 silly packumentCache corgi:https://registry.npmjs.org/rimraf cache-miss
494 http fetch GET 200 https://registry.npmjs.org/rimraf 34ms (cache miss)
495 silly packumentCache corgi:https://registry.npmjs.org/rimraf set size:undefined disposed:false
496 silly packumentCache corgi:https://registry.npmjs.org/gaxios cache-miss
497 http fetch GET 200 https://registry.npmjs.org/gaxios 48ms (cache miss)
498 silly packumentCache corgi:https://registry.npmjs.org/gaxios set size:undefined disposed:false
499 silly packumentCache corgi:https://registry.npmjs.org/google-auth-library cache-miss
500 silly packumentCache corgi:https://registry.npmjs.org/googleapis-common cache-miss
501 silly packumentCache corgi:https://registry.npmjs.org/gcp-metadata cache-miss
502 silly packumentCache corgi:https://registry.npmjs.org/gtoken cache-miss
503 http fetch GET 200 https://registry.npmjs.org/gcp-metadata 34ms (cache miss)
504 silly packumentCache corgi:https://registry.npmjs.org/gcp-metadata set size:undefined disposed:false
505 http fetch GET 200 https://registry.npmjs.org/gtoken 39ms (cache miss)
506 silly packumentCache corgi:https://registry.npmjs.org/gtoken set size:undefined disposed:false
507 http fetch GET 200 https://registry.npmjs.org/googleapis-common 41ms (cache miss)
508 silly packumentCache corgi:https://registry.npmjs.org/googleapis-common set size:undefined disposed:false
509 http fetch GET 200 https://registry.npmjs.org/google-auth-library 142ms (cache miss)
510 silly packumentCache corgi:https://registry.npmjs.org/google-auth-library set size:undefined disposed:false
511 silly CHANGE node_modules/qs
512 silly CHANGE node_modules/minipass
513 silly CHANGE node_modules/googleapis
514 verbose cwd /Users/sanjithudupa/Documents/Code/MIT/zbt/midnights/midnights_web
515 verbose os Darwin 24.6.0
516 verbose node v24.13.0
517 verbose npm  v11.6.2
518 notice
518 notice New minor version of npm available! 11.6.2 -> 11.10.1
518 notice Changelog: https://github.com/npm/cli/releases/tag/v11.10.1
518 notice To update run: npm install -g npm@11.10.1
518 notice  { force: true, Symbol(proc-log.meta): true }
519 verbose exit 0
520 info ok
